Archive member included to satisfy reference by file (symbol)

D:/Project/Code/STM32/HK_FOC_code/myFOCDriver/Middlewares/ST/ARM/DSP/Lib/libarm_cortexM4lf_math.a(arm_sin_f32.o)
                              CMakeFiles/myFOCDriver.elf.dir/UPREDrivePack/FOC/FOC.cpp.obj (arm_sin_f32)
D:/Project/Code/STM32/HK_FOC_code/myFOCDriver/Middlewares/ST/ARM/DSP/Lib/libarm_cortexM4lf_math.a(arm_cos_f32.o)
                              CMakeFiles/myFOCDriver.elf.dir/UPREDrivePack/FOC/FOC.cpp.obj (arm_cos_f32)
D:/Project/Code/STM32/HK_FOC_code/myFOCDriver/Middlewares/ST/ARM/DSP/Lib/libarm_cortexM4lf_math.a(arm_common_tables.o)
                              D:/Project/Code/STM32/HK_FOC_code/myFOCDriver/Middlewares/ST/ARM/DSP/Lib/libarm_cortexM4lf_math.a(arm_sin_f32.o) (sinTable_f32)
d:/software/arm-gnu-toolchain-12.3.rel1-mingw-w64-i686-arm-none-eabi/arm-gnu-toolchain-12.3.rel1-mingw-w64-i686-arm-none-eabi/bin/../lib/gcc/arm-none-eabi/12.3.1/thumb/v7e-m+fp/hard\libgcc.a(_aeabi_uldivmod.o)
                              CMakeFiles/myFOCDriver.elf.dir/Drivers/STM32F4xx_HAL_Driver/Src/stm32f4xx_hal_rcc.c.obj (__aeabi_uldivmod)
d:/software/arm-gnu-toolchain-12.3.rel1-mingw-w64-i686-arm-none-eabi/arm-gnu-toolchain-12.3.rel1-mingw-w64-i686-arm-none-eabi/bin/../lib/gcc/arm-none-eabi/12.3.1/thumb/v7e-m+fp/hard\libgcc.a(_udivmoddi4.o)
                              d:/software/arm-gnu-toolchain-12.3.rel1-mingw-w64-i686-arm-none-eabi/arm-gnu-toolchain-12.3.rel1-mingw-w64-i686-arm-none-eabi/bin/../lib/gcc/arm-none-eabi/12.3.1/thumb/v7e-m+fp/hard\libgcc.a(_aeabi_uldivmod.o) (__udivmoddi4)
d:/software/arm-gnu-toolchain-12.3.rel1-mingw-w64-i686-arm-none-eabi/arm-gnu-toolchain-12.3.rel1-mingw-w64-i686-arm-none-eabi/bin/../lib/gcc/arm-none-eabi/12.3.1/thumb/v7e-m+fp/hard\libgcc.a(unwind-arm.o)
                              CMakeFiles/myFOCDriver.elf.dir/UPREDrivePack/App_Main.cpp.obj (__aeabi_unwind_cpp_pr0)
d:/software/arm-gnu-toolchain-12.3.rel1-mingw-w64-i686-arm-none-eabi/arm-gnu-toolchain-12.3.rel1-mingw-w64-i686-arm-none-eabi/bin/../lib/gcc/arm-none-eabi/12.3.1/thumb/v7e-m+fp/hard\libgcc.a(libunwind.o)
                              d:/software/arm-gnu-toolchain-12.3.rel1-mingw-w64-i686-arm-none-eabi/arm-gnu-toolchain-12.3.rel1-mingw-w64-i686-arm-none-eabi/bin/../lib/gcc/arm-none-eabi/12.3.1/thumb/v7e-m+fp/hard\libgcc.a(unwind-arm.o) (restore_core_regs)
d:/software/arm-gnu-toolchain-12.3.rel1-mingw-w64-i686-arm-none-eabi/arm-gnu-toolchain-12.3.rel1-mingw-w64-i686-arm-none-eabi/bin/../lib/gcc/arm-none-eabi/12.3.1/thumb/v7e-m+fp/hard\libgcc.a(pr-support.o)
                              d:/software/arm-gnu-toolchain-12.3.rel1-mingw-w64-i686-arm-none-eabi/arm-gnu-toolchain-12.3.rel1-mingw-w64-i686-arm-none-eabi/bin/../lib/gcc/arm-none-eabi/12.3.1/thumb/v7e-m+fp/hard\libgcc.a(unwind-arm.o) (__gnu_unwind_execute)
d:/software/arm-gnu-toolchain-12.3.rel1-mingw-w64-i686-arm-none-eabi/arm-gnu-toolchain-12.3.rel1-mingw-w64-i686-arm-none-eabi/bin/../lib/gcc/arm-none-eabi/12.3.1/thumb/v7e-m+fp/hard\libgcc.a(_dvmd_tls.o)
                              d:/software/arm-gnu-toolchain-12.3.rel1-mingw-w64-i686-arm-none-eabi/arm-gnu-toolchain-12.3.rel1-mingw-w64-i686-arm-none-eabi/bin/../lib/gcc/arm-none-eabi/12.3.1/thumb/v7e-m+fp/hard\libgcc.a(_aeabi_uldivmod.o) (__aeabi_ldiv0)
d:/software/arm-gnu-toolchain-12.3.rel1-mingw-w64-i686-arm-none-eabi/arm-gnu-toolchain-12.3.rel1-mingw-w64-i686-arm-none-eabi/bin/../lib/gcc/arm-none-eabi/12.3.1/thumb/v7e-m+fp/hard\libg.a(libc_a-abort.o)
                              d:/software/arm-gnu-toolchain-12.3.rel1-mingw-w64-i686-arm-none-eabi/arm-gnu-toolchain-12.3.rel1-mingw-w64-i686-arm-none-eabi/bin/../lib/gcc/arm-none-eabi/12.3.1/thumb/v7e-m+fp/hard\libgcc.a(pr-support.o) (abort)
d:/software/arm-gnu-toolchain-12.3.rel1-mingw-w64-i686-arm-none-eabi/arm-gnu-toolchain-12.3.rel1-mingw-w64-i686-arm-none-eabi/bin/../lib/gcc/arm-none-eabi/12.3.1/thumb/v7e-m+fp/hard\libg.a(libc_a-exit.o)
                              d:/software/arm-gnu-toolchain-12.3.rel1-mingw-w64-i686-arm-none-eabi/arm-gnu-toolchain-12.3.rel1-mingw-w64-i686-arm-none-eabi/bin/../lib/gcc/arm-none-eabi/12.3.1/thumb/v7e-m+fp/hard/crt0.o (exit)
d:/software/arm-gnu-toolchain-12.3.rel1-mingw-w64-i686-arm-none-eabi/arm-gnu-toolchain-12.3.rel1-mingw-w64-i686-arm-none-eabi/bin/../lib/gcc/arm-none-eabi/12.3.1/thumb/v7e-m+fp/hard\libg.a(libc_a-findfp.o)
                              d:/software/arm-gnu-toolchain-12.3.rel1-mingw-w64-i686-arm-none-eabi/arm-gnu-toolchain-12.3.rel1-mingw-w64-i686-arm-none-eabi/bin/../lib/gcc/arm-none-eabi/12.3.1/thumb/v7e-m+fp/hard\libg.a(libc_a-exit.o) (__stdio_exit_handler)
d:/software/arm-gnu-toolchain-12.3.rel1-mingw-w64-i686-arm-none-eabi/arm-gnu-toolchain-12.3.rel1-mingw-w64-i686-arm-none-eabi/bin/../lib/gcc/arm-none-eabi/12.3.1/thumb/v7e-m+fp/hard\libg.a(libc_a-fwalk.o)
[...]
Memory Configuration

Name             Origin             Length             Attributes
CCMRAM           0x10000000         0x00010000         xrw
RAM              0x20000000         0x00020000         xrw
FLASH            0x08000000         0x00100000         xr
*default*        0x00000000         0xffffffff

Linker script and memory map

LOAD d:/software/arm-gnu-toolchain-12.3.rel1-mingw-w64-i686-arm-none-eabi/arm-gnu-toolchain-12.3.rel1-mingw-w64-i686-arm-none-eabi/bin/../lib/gcc/arm-none-eabi/12.3.1/thumb/v7e-m+fp/hard/crti.o
LOAD d:/software/arm-gnu-toolchain-12.3.rel1-mingw-w64-i686-arm-none-eabi/arm-gnu-toolchain-12.3.rel1-mingw-w64-i686-arm-none-eabi/bin/../lib/gcc/arm-none-eabi/12.3.1/thumb/v7e-m+fp/hard/crtbegin.o
LOAD d:/software/arm-gnu-toolchain-12.3.rel1-mingw-w64-i686-arm-none-eabi/arm-gnu-toolchain-12.3.rel1-mingw-w64-i686-arm-none-eabi/bin/../lib/gcc/arm-none-eabi/12.3.1/thumb/v7e-m+fp/hard/crt0.o
LOAD CMakeFiles/myFOCDriver.elf.dir/Core/Src/adc.c.obj
LOAD CMakeFiles/myFOCDriver.elf.dir/Core/Src/dma.c.obj
LOAD CMakeFiles/myFOCDriver.elf.dir/Core/Src/gpio.c.obj
LOAD CMakeFiles/myFOCDriver.elf.dir/Core/Src/main.c.obj
LOAD CMakeFiles/myFOCDriver.elf.dir/Core/Src/spi.c.obj
LOAD CMakeFiles/myFOCDriver.elf.dir/Core/Src/stm32f4xx_hal_msp.c.obj
LOAD CMakeFiles/myFOCDriver.elf.dir/Core/Src/stm32f4xx_it.c.obj
LOAD CMakeFiles/myFOCDriver.elf.dir/Core/Src/syscalls.c.obj
LOAD CMakeFiles/myFOCDriver.elf.dir/Core/Src/sysmem.c.obj
LOAD CMakeFiles/myFOCDriver.elf.dir/Core/Src/system_stm32f4xx.c.obj
LOAD CMakeFiles/myFOCDriver.elf.dir/Core/Src/tim.c.obj
LOAD CMakeFiles/myFOCDriver.elf.dir/Core/Startup/startup_stm32f405rgtx.s.obj
LOAD CMakeFiles/myFOCDriver.elf.dir/Drivers/STM32F4xx_HAL_Driver/Src/stm32f4xx_hal.c.obj
LOAD CMakeFiles/myFOCDriver.elf.dir/Drivers/STM32F4xx_HAL_Driver/Src/stm32f4xx_hal_adc.c.obj
LOAD CMakeFiles/myFOCDriver.elf.dir/Drivers/STM32F4xx_HAL_Driver/Src/stm32f4xx_hal_adc_ex.c.obj
LOAD CMakeFiles/myFOCDriver.elf.dir/Drivers/STM32F4xx_HAL_Driver/Src/stm32f4xx_hal_cortex.c.obj
LOAD CMakeFiles/myFOCDriver.elf.dir/Drivers/STM32F4xx_HAL_Driver/Src/stm32f4xx_hal_dma.c.obj
LOAD CMakeFiles/myFOCDriver.elf.dir/Drivers/STM32F4xx_HAL_Driver/Src/stm32f4xx_hal_dma_ex.c.obj
LOAD CMakeFiles/myFOCDriver.elf.dir/Drivers/STM32F4xx_HAL_Driver/Src/stm32f4xx_hal_exti.c.obj
LOAD CMakeFiles/myFOCDriver.elf.dir/Drivers/STM32F4xx_HAL_Driver/Src/stm32f4xx_hal_flash.c.obj
LOAD CMakeFiles/myFOCDriver.elf.dir/Drivers/STM32F4xx_HAL_Driver/Src/stm32f4xx_hal_flash_ex.c.obj
LOAD CMakeFiles/myFOCDriver.elf.dir/Drivers/STM32F4xx_HAL_Driver/Src/stm32f4xx_hal_flash_ramfunc.c.obj
LOAD CMakeFiles/myFOCDriver.elf.dir/Drivers/STM32F4xx_HAL_Driver/Src/stm32f4xx_hal_gpio.c.obj
LOAD CMakeFiles/myFOCDriver.elf.dir/Drivers/STM32F4xx_HAL_Driver/Src/stm32f4xx_hal_pcd.c.obj
LOAD CMakeFiles/myFOCDriver.elf.dir/Drivers/STM32F4xx_HAL_Driver/Src/stm32f4xx_hal_pcd_ex.c.obj
LOAD CMakeFiles/myFOCDriver.elf.dir/Drivers/STM32F4xx_HAL_Driver/Src/stm32f4xx_hal_pwr.c.obj
LOAD CMakeFiles/myFOCDriver.elf.dir/Drivers/STM32F4xx_HAL_Driver/Src/stm32f4xx_hal_pwr_ex.c.obj
LOAD CMakeFiles/myFOCDriver.elf.dir/Drivers/STM32F4xx_HAL_Driver/Src/stm32f4xx_hal_rcc.c.obj
LOAD CMakeFiles/myFOCDriver.elf.dir/Drivers/STM32F4xx_HAL_Driver/Src/stm32f4xx_hal_rcc_ex.c.obj
LOAD CMakeFiles/myFOCDriver.elf.dir/Drivers/STM32F4xx_HAL_Driver/Src/stm32f4xx_hal_spi.c.obj
LOAD CMakeFiles/myFOCDriver.elf.dir/Drivers/STM32F4xx_HAL_Driver/Src/stm32f4xx_hal_tim.c.obj
LOAD CMakeFiles/myFOCDriver.elf.dir/Drivers/STM32F4xx_HAL_Driver/Src/stm32f4xx_hal_tim_ex.c.obj
LOAD CMakeFiles/myFOCDriver.elf.dir/Drivers/STM32F4xx_HAL_Driver/Src/stm32f4xx_ll_adc.c.obj
LOAD CMakeFiles/myFOCDriver.elf.dir/Drivers/STM32F4xx_HAL_Driver/Src/stm32f4xx_ll_usb.c.obj
LOAD CMakeFiles/myFOCDriver.elf.dir/Middlewares/ST/STM32_USB_Device_Library/Class/CDC/Src/usbd_cdc.c.obj
LOAD CMakeFiles/myFOCDriver.elf.dir/Middlewares/ST/STM32_USB_Device_Library/Core/Src/usbd_core.c.obj
LOAD CMakeFiles/myFOCDriver.elf.dir/Middlewares/ST/STM32_USB_Device_Library/Core/Src/usbd_ctlreq.c.obj
LOAD CMakeFiles/myFOCDriver.elf.dir/Middlewares/ST/STM32_USB_Device_Library/Core/Src/usbd_ioreq.c.obj
LOAD CMakeFiles/myFOCDriver.elf.dir/UPREDrivePack/App_Main.cpp.obj
LOAD CMakeFiles/myFOCDriver.elf.dir/UPREDrivePack/Controller/Controller.cpp.obj
LOAD CMakeFiles/myFOCDriver.elf.dir/UPREDrivePack/Drv8301/Drv8301.cpp.obj
LOAD CMakeFiles/myFOCDriver.elf.dir/UPREDrivePack/Encoder/Encoder.cpp.obj
LOAD CMakeFiles/myFOCDriver.elf.dir/UPREDrivePack/FOC/FOC.cpp.obj
LOAD CMakeFiles/myFOCDriver.elf.dir/UPREDrivePack/Motor/Motor.cpp.obj
LOAD CMakeFiles/myFOCDriver.elf.dir/USB_DEVICE/App/usb_device.c.obj
LOAD CMakeFiles/myFOCDriver.elf.dir/USB_DEVICE/App/usbd_cdc_if.c.obj
LOAD CMakeFiles/myFOCDriver.elf.dir/USB_DEVICE/App/usbd_desc.c.obj
LOAD CMakeFiles/myFOCDriver.elf.dir/USB_DEVICE/Target/usbd_conf.c.obj
LOAD D:/Project/Code/STM32/HK_FOC_code/myFOCDriver/Middlewares/ST/ARM/DSP/Lib/libarm_cortexM4lf_math.a
LOAD d:/software/arm-gnu-toolchain-12.3.rel1-mingw-w64-i686-arm-none-eabi/arm-gnu-toolchain-12.3.rel1-mingw-w64-i686-arm-none-eabi/bin/../lib/gcc/arm-none-eabi/12.3.1/thumb/v7e-m+fp/hard\libstdc++.a
LOAD d:/software/arm-gnu-toolchain-12.3.rel1-mingw-w64-i686-arm-none-eabi/arm-gnu-toolchain-12.3.rel1-mingw-w64-i686-arm-none-eabi/bin/../lib/gcc/arm-none-eabi/12.3.1/thumb/v7e-m+fp/hard\libm.a
START GROUP
LOAD d:/software/arm-gnu-toolchain-12.3.rel1-mingw-w64-i686-arm-none-eabi/arm-gnu-toolchain-12.3.rel1-mingw-w64-i686-arm-none-eabi/bin/../lib/gcc/arm-none-eabi/12.3.1/thumb/v7e-m+fp/hard\libgcc.a
LOAD d:/software/arm-gnu-toolchain-12.3.rel1-mingw-w64-i686-arm-none-eabi/arm-gnu-toolchain-12.3.rel1-mingw-w64-i686-arm-none-eabi/bin/../lib/gcc/arm-none-eabi/12.3.1/thumb/v7e-m+fp/hard\libg.a
LOAD d:/software/arm-gnu-toolchain-12.3.rel1-mingw-w64-i686-arm-none-eabi/arm-gnu-toolchain-12.3.rel1-mingw-w64-i686-arm-none-eabi/bin/../lib/gcc/arm-none-eabi/12.3.1/thumb/v7e-m+fp/hard\libc.a
END GROUP
LOAD d:/software/arm-gnu-toolchain-12.3.rel1-mingw-w64-i686-arm-none-eabi/arm-gnu-toolchain-12.3.rel1-mingw-w64-i686-arm-none-eabi/bin/../lib/gcc/arm-none-eabi/12.3.1/thumb/v7e-m+fp/hard/crtend.o
LOAD d:/software/arm-gnu-toolchain-12.3.rel1-mingw-w64-i686-arm-none-eabi/arm-gnu-toolchain-12.3.rel1-mingw-w64-i686-arm-none-eabi/bin/../lib/gcc/arm-none-eabi/12.3.1/thumb/v7e-m+fp/hard/crtn.o
                0x20020000                        _estack = (ORIGIN (RAM) + LENGTH (RAM))
                0x00003c00                        _Min_Heap_Size = 0x3c00
                0x00000800                        _Min_Stack_Size = 0x800

.isr_vector     0x08000000      0x188
                0x08000000                        . = ALIGN (0x4)
 *(.isr_vector)
 .isr_vector    0x08000000      0x188 CMakeFiles/myFOCDriver.elf.dir/Core/Startup/startup_stm32f405rgtx.s.obj
                0x08000000                g_pfnVectors
                0x08000188                        . = ALIGN (0x4)

.text           0x08000188     0x881c
                0x08000188                        . = ALIGN (0x4)
 *(.text)
 .text          0x08000188       0x30 d:/software/arm-gnu-toolchain-12.3.rel1-mingw-w64-i686-arm-none-eabi/arm-gnu-toolchain-12.3.rel1-mingw-w64-i686-arm-none-eabi/bin/../lib/gcc/arm-none-eabi/12.3.1/thumb/v7e-m+fp/hard\libgcc.a(_aeabi_uldivmod.o)
                0x08000188                __aeabi_uldivmod
 .text          0x080001b8      0x1ac d:/software/arm-gnu-toolchain-12.3.rel1-mingw-w64-i686-arm-none-eabi/arm-gnu-toolchain-12.3.rel1-mingw-w64-i686-arm-none-eabi/bin/../lib/gcc/arm-none-eabi/12.3.1/thumb/v7e-m+fp/hard\libgcc.a(libunwind.o)
                0x080001b8                __restore_core_regs
                0x080001b8                restore_core_regs
                0x080001d0                __gnu_Unwind_Restore_VFP
                0x080001d8                __gnu_Unwind_Save_VFP
                0x080001e0                __gnu_Unwind_Restore_VFP_D
                0x080001e8                __gnu_Unwind_Save_VFP_D
                0x080001f0                __gnu_Unwind_Restore_VFP_D_16_to_31
                0x080001f8                __gnu_Unwind_Save_VFP_D_16_to_31
                0x08000200                __gnu_Unwind_Restore_WMMXD
                0x08000244                __gnu_Unwind_Save_WMMXD
                0x08000288                __gnu_Unwind_Restore_WMMXC
                0x0800029c                __gnu_Unwind_Save_WMMXC
                0x080002b0                ___Unwind_RaiseException
                0x080002b0                _Unwind_RaiseException
                0x080002d4                _Unwind_Resume
                0x080002d4                ___Unwind_Resume
                0x080002f8                _Unwind_Resume_or_Rethrow
                0x080002f8                ___Unwind_Resume_or_Rethrow
                0x0800031c                _Unwind_ForcedUnwind
                0x0800031c                ___Unwind_ForcedUnwind
                0x08000340                ___Unwind_Backtrace
                0x08000340                _Unwind_Backtrace
 .text          0x08000364        0x4 d:/software/arm-gnu-toolchain-12.3.rel1-mingw-w64-i686-arm-none-eabi/arm-gnu-toolchain-12.3.rel1-mingw-w64-i686-arm-none-eabi/bin/../lib/gcc/arm-none-eabi/12.3.1/thumb/v7e-m+fp/hard\libgcc.a(_dvmd_tls.o)
                0x08000364                __aeabi_idiv0
                0x08000364                __aeabi_ldiv0
 .text          0x08000368      0x134 d:/software/arm-gnu-toolchain-12.3.rel1-mingw-w64-i686-arm-none-eabi/arm-gnu-toolchain-12.3.rel1-mingw-w64-i686-arm-none-eabi/bin/../lib/gcc/arm-none-eabi/12.3.1/thumb/v7e-m+fp/hard\libg.a(libc_a-memcpy.o)
                0x08000368                memcpy
 *(.text*)
 .text.deregister_tm_clones
                0x0800049c       0x1c d:/software/arm-gnu-toolchain-12.3.rel1-mingw-w64-i686-arm-none-eabi/arm-gnu-toolchain-12.3.rel1-mingw-w64-i686-arm-none-eabi/bin/../lib/gcc/arm-none-eabi/12.3.1/thumb/v7e-m+fp/hard/crtbegin.o
 .text.register_tm_clones
                0x080004b8       0x24 d:/software/arm-gnu-toolchain-12.3.rel1-mingw-w64-i686-arm-none-eabi/arm-gnu-toolchain-12.3.rel1-mingw-w64-i686-arm-none-eabi/bin/../lib/gcc/arm-none-eabi/12.3.1/thumb/v7e-m+fp/hard/crtbegin.o
 .text.__do_global_dtors_aux
                0x080004dc       0x28 d:/software/arm-gnu-toolchain-12.3.rel1-mingw-w64-i686-arm-none-eabi/arm-gnu-toolchain-12.3.rel1-mingw-w64-i686-arm-none-eabi/bin/../lib/gcc/arm-none-eabi/12.3.1/thumb/v7e-m+fp/hard/crtbegin.o
 .text.frame_dummy
                0x08000504       0x24 d:/software/arm-gnu-toolchain-12.3.rel1-mingw-w64-i686-arm-none-eabi/arm-gnu-toolchain-12.3.rel1-mingw-w64-i686-arm-none-eabi/bin/../lib/gcc/arm-none-eabi/12.3.1/thumb/v7e-m+fp/hard/crtbegin.o
 .text.MX_ADC1_Init
                0x08000528       0xac CMakeFiles/myFOCDriver.elf.dir/Core/Src/adc.c.obj
                0x08000528                MX_ADC1_Init
 .text.MX_ADC2_Init
                0x080005d4       0xa8 CMakeFiles/myFOCDriver.elf.dir/Core/Src/adc.c.obj
                0x080005d4                MX_ADC2_Init
 .text.MX_ADC3_Init
                0x0800067c       0xa8 CMakeFiles/myFOCDriver.elf.dir/Core/Src/adc.c.obj
                0x0800067c                MX_ADC3_Init
 .text.HAL_ADC_MspInit
                0x08000724      0x164 CMakeFiles/myFOCDriver.elf.dir/Core/Src/adc.c.obj
                0x08000724                HAL_ADC_MspInit
 .text.MX_DMA_Init
                0x08000888       0x88 CMakeFiles/myFOCDriver.elf.dir/Core/Src/dma.c.obj
                0x08000888                MX_DMA_Init
 .text.MX_GPIO_Init
                0x08000910      0x108 CMakeFiles/myFOCDriver.elf.dir/Core/Src/gpio.c.obj
                0x08000910                MX_GPIO_Init
 .text.Error_Handler
                0x08000a18        0x4 CMakeFiles/myFOCDriver.elf.dir/Core/Src/main.c.obj
                0x08000a18                Error_Handler
 .text.SystemClock_Config
                0x08000a1c       0xa8 CMakeFiles/myFOCDriver.elf.dir/Core/Src/main.c.obj
                0x08000a1c                SystemClock_Config
 .text.main     0x08000ac4       0x3c CMakeFiles/myFOCDriver.elf.dir/Core/Src/main.c.obj
                0x08000ac4                main
 .text.MX_SPI1_Init
                0x08000b00       0x48 CMakeFiles/myFOCDriver.elf.dir/Core/Src/spi.c.obj
                0x08000b00                MX_SPI1_Init
 .text.MX_SPI3_Init
                0x08000b48       0x48 CMakeFiles/myFOCDriver.elf.dir/Core/Src/spi.c.obj
                0x08000b48                MX_SPI3_Init
 .text.HAL_SPI_MspInit
                0x08000b90      0x1e4 CMakeFiles/myFOCDriver.elf.dir/Core/Src/spi.c.obj
                0x08000b90                HAL_SPI_MspInit
 .text.HAL_MspInit
                0x08000d74       0x38 CMakeFiles/myFOCDriver.elf.dir/Core/Src/stm32f4xx_hal_msp.c.obj
                0x08000d74                HAL_MspInit
 .text.NMI_Handler
                0x08000dac        0x2 CMakeFiles/myFOCDriver.elf.dir/Core/Src/stm32f4xx_it.c.obj
                0x08000dac                NMI_Handler
 .text.HardFault_Handler
                0x08000dae        0x2 CMakeFiles/myFOCDriver.elf.dir/Core/Src/stm32f4xx_it.c.obj
                0x08000dae                HardFault_Handler
 .text.MemManage_Handler
                0x08000db0        0x2 CMakeFiles/myFOCDriver.elf.dir/Core/Src/stm32f4xx_it.c.obj
                0x08000db0                MemManage_Handler
 .text.BusFault_Handler
                0x08000db2        0x2 CMakeFiles/myFOCDriver.elf.dir/Core/Src/stm32f4xx_it.c.obj
                0x08000db2                BusFault_Handler
 .text.UsageFault_Handler
                0x08000db4        0x2 CMakeFiles/myFOCDriver.elf.dir/Core/Src/stm32f4xx_it.c.obj
                0x08000db4                UsageFault_Handler
 .text.SVC_Handler
                0x08000db6        0x2 CMakeFiles/myFOCDriver.elf.dir/Core/Src/stm32f4xx_it.c.obj
                0x08000db6                SVC_Handler
 .text.DebugMon_Handler
                0x08000db8        0x2 CMakeFiles/myFOCDriver.elf.dir/Core/Src/stm32f4xx_it.c.obj
                0x08000db8                DebugMon_Handler
 .text.PendSV_Handler
                0x08000dba        0x2 CMakeFiles/myFOCDriver.elf.dir/Core/Src/stm32f4xx_it.c.obj
                0x08000dba                PendSV_Handler
 .text.SysTick_Handler
                0x08000dbc        0x8 CMakeFiles/myFOCDriver.elf.dir/Core/Src/stm32f4xx_it.c.obj
                0x08000dbc                SysTick_Handler
 .text.DMA1_Stream0_IRQHandler
                0x08000dc4       0x10 CMakeFiles/myFOCDriver.elf.dir/Core/Src/stm32f4xx_it.c.obj
                0x08000dc4                DMA1_Stream0_IRQHandler
 .text.DMA1_Stream5_IRQHandler
                0x08000dd4       0x10 CMakeFiles/myFOCDriver.elf.dir/Core/Src/stm32f4xx_it.c.obj
                0x08000dd4                DMA1_Stream5_IRQHandler
 .text.TIM1_UP_TIM10_IRQHandler
                0x08000de4       0x10 CMakeFiles/myFOCDriver.elf.dir/Core/Src/stm32f4xx_it.c.obj
                0x08000de4                TIM1_UP_TIM10_IRQHandler
 .text.TIM8_TRG_COM_TIM14_IRQHandler
                0x08000df4       0x10 CMakeFiles/myFOCDriver.elf.dir/Core/Src/stm32f4xx_it.c.obj
                0x08000df4                TIM8_TRG_COM_TIM14_IRQHandler
 .text.SPI3_IRQHandler
                0x08000e04       0x10 CMakeFiles/myFOCDriver.elf.dir/Core/Src/stm32f4xx_it.c.obj
                0x08000e04                SPI3_IRQHandler
 .text.DMA2_Stream0_IRQHandler
                0x08000e14       0x10 CMakeFiles/myFOCDriver.elf.dir/Core/Src/stm32f4xx_it.c.obj
                0x08000e14                DMA2_Stream0_IRQHandler
 .text.DMA2_Stream2_IRQHandler
                0x08000e24       0x10 CMakeFiles/myFOCDriver.elf.dir/Core/Src/stm32f4xx_it.c.obj
                0x08000e24                DMA2_Stream2_IRQHandler
 .text.DMA2_Stream3_IRQHandler
                0x08000e34       0x10 CMakeFiles/myFOCDriver.elf.dir/Core/Src/stm32f4xx_it.c.obj
                0x08000e34                DMA2_Stream3_IRQHandler
 .text.OTG_FS_IRQHandler
                0x08000e44       0x10 CMakeFiles/myFOCDriver.elf.dir/Core/Src/stm32f4xx_it.c.obj
                0x08000e44                OTG_FS_IRQHandler
 .text.SystemInit
                0x08000e54       0x14 CMakeFiles/myFOCDriver.elf.dir/Core/Src/system_stm32f4xx.c.obj
                0x08000e54                SystemInit
 .text.MX_TIM4_Init
                0x08000e68       0x6c CMakeFiles/myFOCDriver.elf.dir/Core/Src/tim.c.obj
                0x08000e68                MX_TIM4_Init
 .text.MX_TIM14_Init
                0x08000ed4       0x34 CMakeFiles/myFOCDriver.elf.dir/Core/Src/tim.c.obj
                0x08000ed4                MX_TIM14_Init
 .text.HAL_TIM_Base_MspInit
                0x08000f08       0x74 CMakeFiles/myFOCDriver.elf.dir/Core/Src/tim.c.obj
                0x08000f08                HAL_TIM_Base_MspInit
 .text.HAL_TIM_Encoder_MspInit
                0x08000f7c       0x68 CMakeFiles/myFOCDriver.elf.dir/Core/Src/tim.c.obj
                0x08000f7c                HAL_TIM_Encoder_MspInit
 .text.HAL_TIM_MspPostInit
                0x08000fe4       0x88 CMakeFiles/myFOCDriver.elf.dir/Core/Src/tim.c.obj
                0x08000fe4                HAL_TIM_MspPostInit
 .text.MX_TIM1_Init
                0x0800106c      0x13c CMakeFiles/myFOCDriver.elf.dir/Core/Src/tim.c.obj
                0x0800106c                MX_TIM1_Init
 .text.Reset_Handler
                0x080011a8       0x50 CMakeFiles/myFOCDriver.elf.dir/Core/Startup/startup_stm32f405rgtx.s.obj
                0x080011a8                Reset_Handler
 .text.Default_Handler
                0x080011f8        0x2 CMakeFiles/myFOCDriver.elf.dir/Core/Startup/startup_stm32f405rgtx.s.obj
                0x080011f8                RTC_Alarm_IRQHandler
                0x080011f8                HASH_RNG_IRQHandler
                0x080011f8                EXTI2_IRQHandler
                0x080011f8                TIM8_CC_IRQHandler
                0x080011f8                TIM1_CC_IRQHandler
                0x080011f8                DMA2_Stream5_IRQHandler
                0x080011f8                PVD_IRQHandler
                0x080011f8                SDIO_IRQHandler
                0x080011f8                TAMP_STAMP_IRQHandler
                0x080011f8                CAN2_RX1_IRQHandler
                0x080011f8                EXTI3_IRQHandler
                0x080011f8                TIM8_UP_TIM13_IRQHandler
                0x080011f8                I2C3_ER_IRQHandler
                0x080011f8                EXTI0_IRQHandler
                0x080011f8                I2C2_EV_IRQHandler
                0x080011f8                DMA1_Stream2_IRQHandler
                0x080011f8                CAN1_RX0_IRQHandler
                0x080011f8                FPU_IRQHandler
                0x080011f8                OTG_HS_WKUP_IRQHandler
                0x080011f8                CAN2_SCE_IRQHandler
                0x080011f8                SPI1_IRQHandler
                0x080011f8                TIM6_DAC_IRQHandler
                0x080011f8                TIM1_BRK_TIM9_IRQHandler
                0x080011f8                CAN2_RX0_IRQHandler
                0x080011f8                USART6_IRQHandler
                0x080011f8                USART3_IRQHandler
                0x080011f8                CAN1_RX1_IRQHandler
                0x080011f8                UART5_IRQHandler
                0x080011f8                TIM4_IRQHandler
                0x080011f8                I2C1_EV_IRQHandler
                0x080011f8                DMA1_Stream6_IRQHandler
                0x080011f8                DMA1_Stream1_IRQHandler
                0x080011f8                UART4_IRQHandler
                0x080011f8                TIM3_IRQHandler
                0x080011f8                RCC_IRQHandler
                0x080011f8                TIM8_BRK_TIM12_IRQHandler
                0x080011f8                Default_Handler
                0x080011f8                EXTI15_10_IRQHandler
                0x080011f8                ADC_IRQHandler
                0x080011f8                DMA1_Stream7_IRQHandler
                0x080011f8                TIM7_IRQHandler
                0x080011f8                CAN2_TX_IRQHandler
                0x080011f8                TIM5_IRQHandler
                0x080011f8                DMA2_Stream7_IRQHandler
                0x080011f8                I2C3_EV_IRQHandler
                0x080011f8                EXTI9_5_IRQHandler
                0x080011f8                RTC_WKUP_IRQHandler
                0x080011f8                SPI2_IRQHandler
                0x080011f8                OTG_HS_EP1_IN_IRQHandler
                0x080011f8                CAN1_TX_IRQHandler
                0x080011f8                EXTI4_IRQHandler
                0x080011f8                FSMC_IRQHandler
                0x080011f8                OTG_HS_EP1_OUT_IRQHandler
                0x080011f8                WWDG_IRQHandler
                0x080011f8                TIM2_IRQHandler
                0x080011f8                OTG_FS_WKUP_IRQHandler
                0x080011f8                TIM1_TRG_COM_TIM11_IRQHandler
                0x080011f8                OTG_HS_IRQHandler
                0x080011f8                EXTI1_IRQHandler
                0x080011f8                USART2_IRQHandler
                0x080011f8                I2C2_ER_IRQHandler
                0x080011f8                DMA2_Stream1_IRQHandler
                0x080011f8                CAN1_SCE_IRQHandler
                0x080011f8                FLASH_IRQHandler
                0x080011f8                DMA2_Stream4_IRQHandler
                0x080011f8                USART1_IRQHandler
                0x080011f8                DMA1_Stream4_IRQHandler
                0x080011f8                I2C1_ER_IRQHandler
                0x080011f8                DMA2_Stream6_IRQHandler
                0x080011f8                DMA1_Stream3_IRQHandler
 *fill*         0x080011fa        0x2 
 .text.HAL_InitTick
                0x080011fc       0x4c CMakeFiles/myFOCDriver.elf.dir/Drivers/STM32F4xx_HAL_Driver/Src/stm32f4xx_hal.c.obj
                0x080011fc                HAL_InitTick
 .text.HAL_Init
                0x08001248       0x34 CMakeFiles/myFOCDriver.elf.dir/Drivers/STM32F4xx_HAL_Driver/Src/stm32f4xx_hal.c.obj
                0x08001248                HAL_Init
 .text.HAL_IncTick
                0x0800127c       0x18 CMakeFiles/myFOCDriver.elf.dir/Drivers/STM32F4xx_HAL_Driver/Src/stm32f4xx_hal.c.obj
                0x0800127c                HAL_IncTick
 .text.HAL_GetTick
                0x08001294        0xc CMakeFiles/myFOCDriver.elf.dir/Drivers/STM32F4xx_HAL_Driver/Src/stm32f4xx_hal.c.obj
                0x08001294                HAL_GetTick
 .text.HAL_Delay
                0x080012a0       0x28 CMakeFiles/myFOCDriver.elf.dir/Drivers/STM32F4xx_HAL_Driver/Src/stm32f4xx_hal.c.obj
                0x080012a0                HAL_Delay
 .text.ADC_Init
                0x080012c8      0x134 CMakeFiles/myFOCDriver.elf.dir/Drivers/STM32F4xx_HAL_Driver/Src/stm32f4xx_hal_adc.c.obj
 .text.HAL_ADC_Init
                0x080013fc       0x56 CMakeFiles/myFOCDriver.elf.dir/Drivers/STM32F4xx_HAL_Driver/Src/stm32f4xx_hal_adc.c.obj
                0x080013fc                HAL_ADC_Init
 *fill*         0x08001452        0x2 
 .text.HAL_ADC_Start_DMA
                0x08001454      0x19c CMakeFiles/myFOCDriver.elf.dir/Drivers/STM32F4xx_HAL_Driver/Src/stm32f4xx_hal_adc.c.obj
                0x08001454                HAL_ADC_Start_DMA
 .text.HAL_ADC_ConvCpltCallback
                0x080015f0        0x2 CMakeFiles/myFOCDriver.elf.dir/Drivers/STM32F4xx_HAL_Driver/Src/stm32f4xx_hal_adc.c.obj
                0x080015f0                HAL_ADC_ConvCpltCallback
 .text.HAL_ADC_ConvHalfCpltCallback
                0x080015f2        0x2 CMakeFiles/myFOCDriver.elf.dir/Drivers/STM32F4xx_HAL_Driver/Src/stm32f4xx_hal_adc.c.obj
                0x080015f2                HAL_ADC_ConvHalfCpltCallback
 .text.ADC_DMAHalfConvCplt
                0x080015f4        0xa CMakeFiles/myFOCDriver.elf.dir/Drivers/STM32F4xx_HAL_Driver/Src/stm32f4xx_hal_adc.c.obj
 .text.HAL_ADC_ErrorCallback
                0x080015fe        0x2 CMakeFiles/myFOCDriver.elf.dir/Drivers/STM32F4xx_HAL_Driver/Src/stm32f4xx_hal_adc.c.obj
                0x080015fe                HAL_ADC_ErrorCallback
 .text.ADC_DMAError
                0x08001600       0x16 CMakeFiles/myFOCDriver.elf.dir/Drivers/STM32F4xx_HAL_Driver/Src/stm32f4xx_hal_adc.c.obj
 .text.ADC_DMAConvCplt
                0x08001616       0x72 CMakeFiles/myFOCDriver.elf.dir/Drivers/STM32F4xx_HAL_Driver/Src/stm32f4xx_hal_adc.c.obj
 .text.HAL_ADC_ConfigChannel
                0x08001688      0x194 CMakeFiles/myFOCDriver.elf.dir/Drivers/STM32F4xx_HAL_Driver/Src/stm32f4xx_hal_adc.c.obj
                0x08001688                HAL_ADC_ConfigChannel
 .text.HAL_ADCEx_InjectedStart
                0x0800181c      0x104 CMakeFiles/myFOCDriver.elf.dir/Drivers/STM32F4xx_HAL_Driver/Src/stm32f4xx_hal_adc_ex.c.obj
                0x0800181c                HAL_ADCEx_InjectedStart
 .text.HAL_ADCEx_InjectedConfigChannel
                0x08001920      0x20c CMakeFiles/myFOCDriver.elf.dir/Drivers/STM32F4xx_HAL_Driver/Src/stm32f4xx_hal_adc_ex.c.obj
                0x08001920                HAL_ADCEx_InjectedConfigChannel
 .text.__NVIC_SetPriority
                0x08001b2c       0x28 CMakeFiles/myFOCDriver.elf.dir/Drivers/STM32F4xx_HAL_Driver/Src/stm32f4xx_hal_cortex.c.obj
 .text.NVIC_EncodePriority
                0x08001b54       0x3e CMakeFiles/myFOCDriver.elf.dir/Drivers/STM32F4xx_HAL_Driver/Src/stm32f4xx_hal_cortex.c.obj
 *fill*         0x08001b92        0x2 
 .text.HAL_NVIC_SetPriorityGrouping
                0x08001b94       0x24 CMakeFiles/myFOCDriver.elf.dir/Drivers/STM32F4xx_HAL_Driver/Src/stm32f4xx_hal_cortex.c.obj
                0x08001b94                HAL_NVIC_SetPriorityGrouping
 .text.HAL_NVIC_SetPriority
                0x08001bb8       0x20 CMakeFiles/myFOCDriver.elf.dir/Drivers/STM32F4xx_HAL_Driver/Src/stm32f4xx_hal_cortex.c.obj
                0x08001bb8                HAL_NVIC_SetPriority
 .text.HAL_NVIC_EnableIRQ
                0x08001bd8       0x1c CMakeFiles/myFOCDriver.elf.dir/Drivers/STM32F4xx_HAL_Driver/Src/stm32f4xx_hal_cortex.c.obj
                0x08001bd8                HAL_NVIC_EnableIRQ
 .text.HAL_SYSTICK_Config
                0x08001bf4       0x28 CMakeFiles/myFOCDriver.elf.dir/Drivers/STM32F4xx_HAL_Driver/Src/stm32f4xx_hal_cortex.c.obj
                0x08001bf4                HAL_SYSTICK_Config
 .text.DMA_SetConfig
                0x08001c1c       0x2c CMakeFiles/myFOCDriver.elf.dir/Drivers/STM32F4xx_HAL_Driver/Src/stm32f4xx_hal_dma.c.obj
 .text.DMA_CalcBaseAndBitshift
                0x08001c48       0x44 CMakeFiles/myFOCDriver.elf.dir/Drivers/STM32F4xx_HAL_Driver/Src/stm32f4xx_hal_dma.c.obj
 .text.DMA_CheckFifoParam
                0x08001c8c       0x8e CMakeFiles/myFOCDriver.elf.dir/Drivers/STM32F4xx_HAL_Driver/Src/stm32f4xx_hal_dma.c.obj
 *fill*         0x08001d1a        0x2 
 .text.HAL_DMA_Init
                0x08001d1c       0xcc CMakeFiles/myFOCDriver.elf.dir/Drivers/STM32F4xx_HAL_Driver/Src/stm32f4xx_hal_dma.c.obj
                0x08001d1c                HAL_DMA_Init
 .text.HAL_DMA_Start_IT
                0x08001de8       0x6a CMakeFiles/myFOCDriver.elf.dir/Drivers/STM32F4xx_HAL_Driver/Src/stm32f4xx_hal_dma.c.obj
                0x08001de8                HAL_DMA_Start_IT
 .text.HAL_DMA_Abort_IT
                0x08001e52       0x26 CMakeFiles/myFOCDriver.elf.dir/Drivers/STM32F4xx_HAL_Driver/Src/stm32f4xx_hal_dma.c.obj
                0x08001e52                HAL_DMA_Abort_IT
 .text.HAL_DMA_IRQHandler
                0x08001e78      0x1dc CMakeFiles/myFOCDriver.elf.dir/Drivers/STM32F4xx_HAL_Driver/Src/stm32f4xx_hal_dma.c.obj
                0x08001e78                HAL_DMA_IRQHandler
 .text.HAL_GPIO_Init
                0x08002054      0x1ec CMakeFiles/myFOCDriver.elf.dir/Drivers/STM32F4xx_HAL_Driver/Src/stm32f4xx_hal_gpio.c.obj
                0x08002054                HAL_GPIO_Init
 .text.HAL_GPIO_WritePin
                0x08002240        0xc CMakeFiles/myFOCDriver.elf.dir/Drivers/STM32F4xx_HAL_Driver/Src/stm32f4xx_hal_gpio.c.obj
                0x08002240                HAL_GPIO_WritePin
 .text.PCD_WriteEmptyTxFifo
                0x0800224c       0xd0 CMakeFiles/myFOCDriver.elf.dir/Drivers/STM32F4xx_HAL_Driver/Src/stm32f4xx_hal_pcd.c.obj
 .text.HAL_PCD_Init
                0x0800231c      0x12e CMakeFiles/myFOCDriver.elf.dir/Drivers/STM32F4xx_HAL_Driver/Src/stm32f4xx_hal_pcd.c.obj
                0x0800231c                HAL_PCD_Init
 .text.HAL_PCD_Start
                0x0800244a       0x42 CMakeFiles/myFOCDriver.elf.dir/Drivers/STM32F4xx_HAL_Driver/Src/stm32f4xx_hal_pcd.c.obj
                0x0800244a                HAL_PCD_Start
 .text.PCD_EP_OutXfrComplete_int
                0x0800248c      0x104 CMakeFiles/myFOCDriver.elf.dir/Drivers/STM32F4xx_HAL_Driver/Src/stm32f4xx_hal_pcd.c.obj
 .text.PCD_EP_OutSetupPacket_int
                0x08002590       0x50 CMakeFiles/myFOCDriver.elf.dir/Drivers/STM32F4xx_HAL_Driver/Src/stm32f4xx_hal_pcd.c.obj
 .text.HAL_PCD_SetAddress
                0x080025e0       0x28 CMakeFiles/myFOCDriver.elf.dir/Drivers/STM32F4xx_HAL_Driver/Src/stm32f4xx_hal_pcd.c.obj
                0x080025e0                HAL_PCD_SetAddress
 .text.HAL_PCD_EP_Open
                0x08002608       0x8a CMakeFiles/myFOCDriver.elf.dir/Drivers/STM32F4xx_HAL_Driver/Src/stm32f4xx_hal_pcd.c.obj
                0x08002608                HAL_PCD_EP_Open
 .text.HAL_PCD_EP_Close
                0x08002692       0x72 CMakeFiles/myFOCDriver.elf.dir/Drivers/STM32F4xx_HAL_Driver/Src/stm32f4xx_hal_pcd.c.obj
                0x08002692                HAL_PCD_EP_Close
 .text.HAL_PCD_EP_Receive
                0x08002704       0x5e CMakeFiles/myFOCDriver.elf.dir/Drivers/STM32F4xx_HAL_Driver/Src/stm32f4xx_hal_pcd.c.obj
                0x08002704                HAL_PCD_EP_Receive
 .text.HAL_PCD_EP_GetRxCount
                0x08002762       0x12 CMakeFiles/myFOCDriver.elf.dir/Drivers/STM32F4xx_HAL_Driver/Src/stm32f4xx_hal_pcd.c.obj
                0x08002762                HAL_PCD_EP_GetRxCount
 .text.HAL_PCD_EP_Transmit
                0x08002774       0x5e CMakeFiles/myFOCDriver.elf.dir/Drivers/STM32F4xx_HAL_Driver/Src/stm32f4xx_hal_pcd.c.obj
                0x08002774                HAL_PCD_EP_Transmit
 .text.HAL_PCD_EP_SetStall
                0x080027d2       0x88 CMakeFiles/myFOCDriver.elf.dir/Drivers/STM32F4xx_HAL_Driver/Src/stm32f4xx_hal_pcd.c.obj
                0x080027d2                HAL_PCD_EP_SetStall
 .text.HAL_PCD_EP_ClrStall
                0x0800285a       0x76 CMakeFiles/myFOCDriver.elf.dir/Drivers/STM32F4xx_HAL_Driver/Src/stm32f4xx_hal_pcd.c.obj
                0x0800285a                HAL_PCD_EP_ClrStall
 .text.HAL_PCD_EP_Abort
                0x080028d0       0x34 CMakeFiles/myFOCDriver.elf.dir/Drivers/STM32F4xx_HAL_Driver/Src/stm32f4xx_hal_pcd.c.obj
                0x080028d0                HAL_PCD_EP_Abort
 .text.HAL_PCD_IRQHandler
                0x08002904      0x5c4 CMakeFiles/myFOCDriver.elf.dir/Drivers/STM32F4xx_HAL_Driver/Src/stm32f4xx_hal_pcd.c.obj
                0x08002904                HAL_PCD_IRQHandler
 .text.HAL_PCDEx_SetTxFiFo
                0x08002ec8       0x4c CMakeFiles/myFOCDriver.elf.dir/Drivers/STM32F4xx_HAL_Driver/Src/stm32f4xx_hal_pcd_ex.c.obj
                0x08002ec8                HAL_PCDEx_SetTxFiFo
 .text.HAL_PCDEx_SetRxFiFo
                0x08002f14        0x8 CMakeFiles/myFOCDriver.elf.dir/Drivers/STM32F4xx_HAL_Driver/Src/stm32f4xx_hal_pcd_ex.c.obj
                0x08002f14                HAL_PCDEx_SetRxFiFo
 .text.HAL_PCDEx_LPM_Callback
                0x08002f1c        0x2 CMakeFiles/myFOCDriver.elf.dir/Drivers/STM32F4xx_HAL_Driver/Src/stm32f4xx_hal_pcd_ex.c.obj
                0x08002f1c                HAL_PCDEx_LPM_Callback
 *fill*         0x08002f1e        0x2 
 .text.HAL_RCC_OscConfig
                0x08002f20      0x3f8 CMakeFiles/myFOCDriver.elf.dir/Drivers/STM32F4xx_HAL_Driver/Src/stm32f4xx_hal_rcc.c.obj
                0x08002f20                HAL_RCC_OscConfig
 .text.HAL_RCC_GetSysClockFreq
                0x08003318       0xdc CMakeFiles/myFOCDriver.elf.dir/Drivers/STM32F4xx_HAL_Driver/Src/stm32f4xx_hal_rcc.c.obj
                0x08003318                HAL_RCC_GetSysClockFreq
 .text.HAL_RCC_ClockConfig
                0x080033f4      0x160 CMakeFiles/myFOCDriver.elf.dir/Drivers/STM32F4xx_HAL_Driver/Src/stm32f4xx_hal_rcc.c.obj
                0x080033f4                HAL_RCC_ClockConfig
 .text.HAL_RCC_GetHCLKFreq
                0x08003554        0xc CMakeFiles/myFOCDriver.elf.dir/Drivers/STM32F4xx_HAL_Driver/Src/stm32f4xx_hal_rcc.c.obj
                0x08003554                HAL_RCC_GetHCLKFreq
 .text.SPI_WaitFlagStateUntilTimeout
                0x08003560       0xc8 CMakeFiles/myFOCDriver.elf.dir/Drivers/STM32F4xx_HAL_Driver/Src/stm32f4xx_hal_spi.c.obj
 .text.SPI_EndRxTxTransaction
                0x08003628       0x68 CMakeFiles/myFOCDriver.elf.dir/Drivers/STM32F4xx_HAL_Driver/Src/stm32f4xx_hal_spi.c.obj
 .text.SPI_EndRxTransaction
                0x08003690       0x8c CMakeFiles/myFOCDriver.elf.dir/Drivers/STM32F4xx_HAL_Driver/Src/stm32f4xx_hal_spi.c.obj
 .text.HAL_SPI_Init
                0x0800371c       0xbe CMakeFiles/myFOCDriver.elf.dir/Drivers/STM32F4xx_HAL_Driver/Src/stm32f4xx_hal_spi.c.obj
                0x0800371c                HAL_SPI_Init
 .text.HAL_SPI_TransmitReceive
                0x080037da      0x238 CMakeFiles/myFOCDriver.elf.dir/Drivers/STM32F4xx_HAL_Driver/Src/stm32f4xx_hal_spi.c.obj
                0x080037da                HAL_SPI_TransmitReceive
 *fill*         0x08003a12        0x2 
 .text.HAL_SPI_Transmit_DMA
                0x08003a14       0xe0 CMakeFiles/myFOCDriver.elf.dir/Drivers/STM32F4xx_HAL_Driver/Src/stm32f4xx_hal_spi.c.obj
                0x08003a14                HAL_SPI_Transmit_DMA
 .text.HAL_SPI_TransmitReceive_DMA
                0x08003af4      0x150 CMakeFiles/myFOCDriver.elf.dir/Drivers/STM32F4xx_HAL_Driver/Src/stm32f4xx_hal_spi.c.obj
                0x08003af4                HAL_SPI_TransmitReceive_DMA
 .text.HAL_SPI_Receive_DMA
                0x08003c44       0xfc CMakeFiles/myFOCDriver.elf.dir/Drivers/STM32F4xx_HAL_Driver/Src/stm32f4xx_hal_spi.c.obj
                0x08003c44                HAL_SPI_Receive_DMA
 .text.HAL_SPI_TxCpltCallback
                0x08003d40        0x2 CMakeFiles/myFOCDriver.elf.dir/Drivers/STM32F4xx_HAL_Driver/Src/stm32f4xx_hal_spi.c.obj
                0x08003d40                HAL_SPI_TxCpltCallback
 .text.HAL_SPI_RxCpltCallback
                0x08003d42        0x2 CMakeFiles/myFOCDriver.elf.dir/Drivers/STM32F4xx_HAL_Driver/Src/stm32f4xx_hal_spi.c.obj
                0x08003d42                HAL_SPI_RxCpltCallback
 .text.HAL_SPI_TxRxCpltCallback
                0x08003d44        0x2 CMakeFiles/myFOCDriver.elf.dir/Drivers/STM32F4xx_HAL_Driver/Src/stm32f4xx_hal_spi.c.obj
                0x08003d44                HAL_SPI_TxRxCpltCallback
 .text.HAL_SPI_TxHalfCpltCallback
                0x08003d46        0x2 CMakeFiles/myFOCDriver.elf.dir/Drivers/STM32F4xx_HAL_Driver/Src/stm32f4xx_hal_spi.c.obj
                0x08003d46                HAL_SPI_TxHalfCpltCallback
 .text.SPI_DMAHalfTransmitCplt
                0x08003d48        0xa CMakeFiles/myFOCDriver.elf.dir/Drivers/STM32F4xx_HAL_Driver/Src/stm32f4xx_hal_spi.c.obj
 .text.HAL_SPI_RxHalfCpltCallback
                0x08003d52        0x2 CMakeFiles/myFOCDriver.elf.dir/Drivers/STM32F4xx_HAL_Driver/Src/stm32f4xx_hal_spi.c.obj
                0x08003d52                HAL_SPI_RxHalfCpltCallback
 .text.SPI_DMAHalfReceiveCplt
                0x08003d54        0xa CMakeFiles/myFOCDriver.elf.dir/Drivers/STM32F4xx_HAL_Driver/Src/stm32f4xx_hal_spi.c.obj
 .text.HAL_SPI_TxRxHalfCpltCallback
                0x08003d5e        0x2 CMakeFiles/myFOCDriver.elf.dir/Drivers/STM32F4xx_HAL_Driver/Src/stm32f4xx_hal_spi.c.obj
                0x08003d5e                HAL_SPI_TxRxHalfCpltCallback
 .text.SPI_DMAHalfTransmitReceiveCplt
                0x08003d60        0xa CMakeFiles/myFOCDriver.elf.dir/Drivers/STM32F4xx_HAL_Driver/Src/stm32f4xx_hal_spi.c.obj
 .text.HAL_SPI_ErrorCallback
                0x08003d6a        0x2 CMakeFiles/myFOCDriver.elf.dir/Drivers/STM32F4xx_HAL_Driver/Src/stm32f4xx_hal_spi.c.obj
                0x08003d6a                HAL_SPI_ErrorCallback
 .text.SPI_DMAError
                0x08003d6c       0x22 CMakeFiles/myFOCDriver.elf.dir/Drivers/STM32F4xx_HAL_Driver/Src/stm32f4xx_hal_spi.c.obj
 .text.SPI_DMATransmitCplt
                0x08003d8e       0x70 CMakeFiles/myFOCDriver.elf.dir/Drivers/STM32F4xx_HAL_Driver/Src/stm32f4xx_hal_spi.c.obj
 .text.SPI_DMAReceiveCplt
                0x08003dfe       0x6e CMakeFiles/myFOCDriver.elf.dir/Drivers/STM32F4xx_HAL_Driver/Src/stm32f4xx_hal_spi.c.obj
 .text.SPI_DMATransmitReceiveCplt
                0x08003e6c       0x5c CMakeFiles/myFOCDriver.elf.dir/Drivers/STM32F4xx_HAL_Driver/Src/stm32f4xx_hal_spi.c.obj
 .text.HAL_SPI_IRQHandler
                0x08003ec8      0x118 CMakeFiles/myFOCDriver.elf.dir/Drivers/STM32F4xx_HAL_Driver/Src/stm32f4xx_hal_spi.c.obj
                0x08003ec8                HAL_SPI_IRQHandler
 .text.SPI_DMAAbortOnError
                0x08003fe0       0x10 CMakeFiles/myFOCDriver.elf.dir/Drivers/STM32F4xx_HAL_Driver/Src/stm32f4xx_hal_spi.c.obj
 .text.TIM_OC1_SetConfig
                0x08003ff0       0x70 CMakeFiles/myFOCDriver.elf.dir/Drivers/STM32F4xx_HAL_Driver/Src/stm32f4xx_hal_tim.c.obj
 .text.TIM_OC3_SetConfig
                0x08004060       0x70 CMakeFiles/myFOCDriver.elf.dir/Drivers/STM32F4xx_HAL_Driver/Src/stm32f4xx_hal_tim.c.obj
 .text.TIM_OC4_SetConfig
                0x080040d0       0x50 CMakeFiles/myFOCDriver.elf.dir/Drivers/STM32F4xx_HAL_Driver/Src/stm32f4xx_hal_tim.c.obj
 .text.TIM_TI1_ConfigInputStage
                0x08004120       0x26 CMakeFiles/myFOCDriver.elf.dir/Drivers/STM32F4xx_HAL_Driver/Src/stm32f4xx_hal_tim.c.obj
 .text.TIM_TI2_ConfigInputStage
                0x08004146       0x28 CMakeFiles/myFOCDriver.elf.dir/Drivers/STM32F4xx_HAL_Driver/Src/stm32f4xx_hal_tim.c.obj
 .text.TIM_ITRx_SetConfig
                0x0800416e       0x10 CMakeFiles/myFOCDriver.elf.dir/Drivers/STM32F4xx_HAL_Driver/Src/stm32f4xx_hal_tim.c.obj
 *fill*         0x0800417e        0x2 
 .text.HAL_TIM_Base_Start_IT
                0x08004180       0x88 CMakeFiles/myFOCDriver.elf.dir/Drivers/STM32F4xx_HAL_Driver/Src/stm32f4xx_hal_tim.c.obj
                0x08004180                HAL_TIM_Base_Start_IT
 .text.HAL_TIM_PWM_MspInit
                0x08004208        0x2 CMakeFiles/myFOCDriver.elf.dir/Drivers/STM32F4xx_HAL_Driver/Src/stm32f4xx_hal_tim.c.obj
                0x08004208                HAL_TIM_PWM_MspInit
 .text.HAL_TIM_OC_DelayElapsedCallback
                0x0800420a        0x2 CMakeFiles/myFOCDriver.elf.dir/Drivers/STM32F4xx_HAL_Driver/Src/stm32f4xx_hal_tim.c.obj
                0x0800420a                HAL_TIM_OC_DelayElapsedCallback
 .text.HAL_TIM_IC_CaptureCallback
                0x0800420c        0x2 CMakeFiles/myFOCDriver.elf.dir/Drivers/STM32F4xx_HAL_Driver/Src/stm32f4xx_hal_tim.c.obj
                0x0800420c                HAL_TIM_IC_CaptureCallback
 .text.HAL_TIM_TriggerCallback
                0x0800420e        0x2 CMakeFiles/myFOCDriver.elf.dir/Drivers/STM32F4xx_HAL_Driver/Src/stm32f4xx_hal_tim.c.obj
                0x0800420e                HAL_TIM_TriggerCallback
 .text.HAL_TIM_IRQHandler
                0x08004210      0x17a CMakeFiles/myFOCDriver.elf.dir/Drivers/STM32F4xx_HAL_Driver/Src/stm32f4xx_hal_tim.c.obj
                0x08004210                HAL_TIM_IRQHandler
 *fill*         0x0800438a        0x2 
 .text.TIM_Base_SetConfig
                0x0800438c       0xc8 CMakeFiles/myFOCDriver.elf.dir/Drivers/STM32F4xx_HAL_Driver/Src/stm32f4xx_hal_tim.c.obj
                0x0800438c                TIM_Base_SetConfig
 .text.HAL_TIM_Base_Init
                0x08004454       0x58 CMakeFiles/myFOCDriver.elf.dir/Drivers/STM32F4xx_HAL_Driver/Src/stm32f4xx_hal_tim.c.obj
                0x08004454                HAL_TIM_Base_Init
 .text.HAL_TIM_PWM_Init
                0x080044ac       0x58 CMakeFiles/myFOCDriver.elf.dir/Drivers/STM32F4xx_HAL_Driver/Src/stm32f4xx_hal_tim.c.obj
                0x080044ac                HAL_TIM_PWM_Init
 .text.HAL_TIM_Encoder_Init
                0x08004504       0xb0 CMakeFiles/myFOCDriver.elf.dir/Drivers/STM32F4xx_HAL_Driver/Src/stm32f4xx_hal_tim.c.obj
                0x08004504                HAL_TIM_Encoder_Init
 .text.TIM_OC2_SetConfig
                0x080045b4       0x70 CMakeFiles/myFOCDriver.elf.dir/Drivers/STM32F4xx_HAL_Driver/Src/stm32f4xx_hal_tim.c.obj
                0x080045b4                TIM_OC2_SetConfig
 .text.HAL_TIM_PWM_ConfigChannel
                0x08004624       0xdc CMakeFiles/myFOCDriver.elf.dir/Drivers/STM32F4xx_HAL_Driver/Src/stm32f4xx_hal_tim.c.obj
                0x08004624                HAL_TIM_PWM_ConfigChannel
 .text.TIM_ETR_SetConfig
                0x08004700       0x1a CMakeFiles/myFOCDriver.elf.dir/Drivers/STM32F4xx_HAL_Driver/Src/stm32f4xx_hal_tim.c.obj
                0x08004700                TIM_ETR_SetConfig
 .text.HAL_TIM_ConfigClockSource
                0x0800471a       0xfe CMakeFiles/myFOCDriver.elf.dir/Drivers/STM32F4xx_HAL_Driver/Src/stm32f4xx_hal_tim.c.obj
                0x0800471a                HAL_TIM_ConfigClockSource
 .text.TIM_CCxChannelCmd
                0x08004818       0x1e CMakeFiles/myFOCDriver.elf.dir/Drivers/STM32F4xx_HAL_Driver/Src/stm32f4xx_hal_tim.c.obj
                0x08004818                TIM_CCxChannelCmd
 *fill*         0x08004836        0x2 
 .text.HAL_TIM_PWM_Start
                0x08004838      0x104 CMakeFiles/myFOCDriver.elf.dir/Drivers/STM32F4xx_HAL_Driver/Src/stm32f4xx_hal_tim.c.obj
                0x08004838                HAL_TIM_PWM_Start
 .text.HAL_TIM_PWM_Start_IT
                0x0800493c      0x174 CMakeFiles/myFOCDriver.elf.dir/Drivers/STM32F4xx_HAL_Driver/Src/stm32f4xx_hal_tim.c.obj
                0x0800493c                HAL_TIM_PWM_Start_IT
 .text.TIM_CCxNChannelCmd
                0x08004ab0       0x1e CMakeFiles/myFOCDriver.elf.dir/Drivers/STM32F4xx_HAL_Driver/Src/stm32f4xx_hal_tim_ex.c.obj
 *fill*         0x08004ace        0x2 
 .text.HAL_TIMEx_PWMN_Start
                0x08004ad0       0xf8 CMakeFiles/myFOCDriver.elf.dir/Drivers/STM32F4xx_HAL_Driver/Src/stm32f4xx_hal_tim_ex.c.obj
                0x08004ad0                HAL_TIMEx_PWMN_Start
 .text.HAL_TIMEx_MasterConfigSynchronization
                0x08004bc8       0x8c CMakeFiles/myFOCDriver.elf.dir/Drivers/STM32F4xx_HAL_Driver/Src/stm32f4xx_hal_tim_ex.c.obj
                0x08004bc8                HAL_TIMEx_MasterConfigSynchronization
 .text.HAL_TIMEx_ConfigBreakDeadTime
                0x08004c54       0x52 CMakeFiles/myFOCDriver.elf.dir/Drivers/STM32F4xx_HAL_Driver/Src/stm32f4xx_hal_tim_ex.c.obj
                0x08004c54                HAL_TIMEx_ConfigBreakDeadTime
 .text.HAL_TIMEx_CommutCallback
                0x08004ca6        0x2 CMakeFiles/myFOCDriver.elf.dir/Drivers/STM32F4xx_HAL_Driver/Src/stm32f4xx_hal_tim_ex.c.obj
                0x08004ca6                HAL_TIMEx_CommutCallback
 .text.HAL_TIMEx_BreakCallback
                0x08004ca8        0x2 CMakeFiles/myFOCDriver.elf.dir/Drivers/STM32F4xx_HAL_Driver/Src/stm32f4xx_hal_tim_ex.c.obj
                0x08004ca8                HAL_TIMEx_BreakCallback
 *fill*         0x08004caa        0x2 
 .text.USB_CoreReset
                0x08004cac       0x50 CMakeFiles/myFOCDriver.elf.dir/Drivers/STM32F4xx_HAL_Driver/Src/stm32f4xx_ll_usb.c.obj
 .text.USB_CoreInit
                0x08004cfc       0x8a CMakeFiles/myFOCDriver.elf.dir/Drivers/STM32F4xx_HAL_Driver/Src/stm32f4xx_ll_usb.c.obj
                0x08004cfc                USB_CoreInit
 *fill*         0x08004d86        0x2 
 .text.USB_SetTurnaroundTime
                0x08004d88       0xe4 CMakeFiles/myFOCDriver.elf.dir/Drivers/STM32F4xx_HAL_Driver/Src/stm32f4xx_ll_usb.c.obj
                0x08004d88                USB_SetTurnaroundTime
 .text.USB_EnableGlobalInt
                0x08004e6c        0xc CMakeFiles/myFOCDriver.elf.dir/Drivers/STM32F4xx_HAL_Driver/Src/stm32f4xx_ll_usb.c.obj
                0x08004e6c                USB_EnableGlobalInt
 .text.USB_DisableGlobalInt
                0x08004e78        0xc CMakeFiles/myFOCDriver.elf.dir/Drivers/STM32F4xx_HAL_Driver/Src/stm32f4xx_ll_usb.c.obj
                0x08004e78                USB_DisableGlobalInt
 .text.USB_FlushTxFifo
                0x08004e84       0x50 CMakeFiles/myFOCDriver.elf.dir/Drivers/STM32F4xx_HAL_Driver/Src/stm32f4xx_ll_usb.c.obj
                0x08004e84                USB_FlushTxFifo
 .text.USB_FlushRxFifo
                0x08004ed4       0x4c CMakeFiles/myFOCDriver.elf.dir/Drivers/STM32F4xx_HAL_Driver/Src/stm32f4xx_ll_usb.c.obj
                0x08004ed4                USB_FlushRxFifo
 .text.USB_SetDevSpeed
                0x08004f20        0xe CMakeFiles/myFOCDriver.elf.dir/Drivers/STM32F4xx_HAL_Driver/Src/stm32f4xx_ll_usb.c.obj
                0x08004f20                USB_SetDevSpeed
 *fill*         0x08004f2e        0x2 
 .text.USB_DevInit
                0x08004f30      0x190 CMakeFiles/myFOCDriver.elf.dir/Drivers/STM32F4xx_HAL_Driver/Src/stm32f4xx_ll_usb.c.obj
                0x08004f30                USB_DevInit
 .text.USB_GetDevSpeed
                0x080050c0       0x22 CMakeFiles/myFOCDriver.elf.dir/Drivers/STM32F4xx_HAL_Driver/Src/stm32f4xx_ll_usb.c.obj
                0x080050c0                USB_GetDevSpeed
 .text.USB_ActivateEndpoint
                0x080050e2       0x9a CMakeFiles/myFOCDriver.elf.dir/Drivers/STM32F4xx_HAL_Driver/Src/stm32f4xx_ll_usb.c.obj
                0x080050e2                USB_ActivateEndpoint
 .text.USB_DeactivateEndpoint
                0x0800517c       0xe0 CMakeFiles/myFOCDriver.elf.dir/Drivers/STM32F4xx_HAL_Driver/Src/stm32f4xx_ll_usb.c.obj
                0x0800517c                USB_DeactivateEndpoint
 .text.USB_EP0StartXfer
                0x0800525c      0x124 CMakeFiles/myFOCDriver.elf.dir/Drivers/STM32F4xx_HAL_Driver/Src/stm32f4xx_ll_usb.c.obj
                0x0800525c                USB_EP0StartXfer
 .text.USB_EPStopXfer
                0x08005380       0xbe CMakeFiles/myFOCDriver.elf.dir/Drivers/STM32F4xx_HAL_Driver/Src/stm32f4xx_ll_usb.c.obj
                0x08005380                USB_EPStopXfer
 .text.USB_WritePacket
                0x0800543e       0x2e CMakeFiles/myFOCDriver.elf.dir/Drivers/STM32F4xx_HAL_Driver/Src/stm32f4xx_ll_usb.c.obj
                0x0800543e                USB_WritePacket
 .text.USB_EPStartXfer
                0x0800546c      0x234 CMakeFiles/myFOCDriver.elf.dir/Drivers/STM32F4xx_HAL_Driver/Src/stm32f4xx_ll_usb.c.obj
                0x0800546c                USB_EPStartXfer
 .text.USB_ReadPacket
                0x080056a0       0x46 CMakeFiles/myFOCDriver.elf.dir/Drivers/STM32F4xx_HAL_Driver/Src/stm32f4xx_ll_usb.c.obj
                0x080056a0                USB_ReadPacket
 .text.USB_EPSetStall
                0x080056e6       0x5a CMakeFiles/myFOCDriver.elf.dir/Drivers/STM32F4xx_HAL_Driver/Src/stm32f4xx_ll_usb.c.obj
                0x080056e6                USB_EPSetStall
 .text.USB_EPClearStall
                0x08005740       0x5c CMakeFiles/myFOCDriver.elf.dir/Drivers/STM32F4xx_HAL_Driver/Src/stm32f4xx_ll_usb.c.obj
                0x08005740                USB_EPClearStall
 .text.USB_SetDevAddress
                0x0800579c       0x20 CMakeFiles/myFOCDriver.elf.dir/Drivers/STM32F4xx_HAL_Driver/Src/stm32f4xx_ll_usb.c.obj
                0x0800579c                USB_SetDevAddress
 .text.USB_DevConnect
                0x080057bc       0x1c CMakeFiles/myFOCDriver.elf.dir/Drivers/STM32F4xx_HAL_Driver/Src/stm32f4xx_ll_usb.c.obj
                0x080057bc                USB_DevConnect
 .text.USB_DevDisconnect
                0x080057d8       0x1c CMakeFiles/myFOCDriver.elf.dir/Drivers/STM32F4xx_HAL_Driver/Src/stm32f4xx_ll_usb.c.obj
                0x080057d8                USB_DevDisconnect
 .text.USB_ReadInterrupts
                0x080057f4        0x8 CMakeFiles/myFOCDriver.elf.dir/Drivers/STM32F4xx_HAL_Driver/Src/stm32f4xx_ll_usb.c.obj
                0x080057f4                USB_ReadInterrupts
 .text.USB_ReadDevAllOutEpInterrupt
                0x080057fc       0x10 CMakeFiles/myFOCDriver.elf.dir/Drivers/STM32F4xx_HAL_Driver/Src/stm32f4xx_ll_usb.c.obj
                0x080057fc                USB_ReadDevAllOutEpInterrupt
 .text.USB_ReadDevAllInEpInterrupt
                0x0800580c       0x10 CMakeFiles/myFOCDriver.elf.dir/Drivers/STM32F4xx_HAL_Driver/Src/stm32f4xx_ll_usb.c.obj
                0x0800580c                USB_ReadDevAllInEpInterrupt
 .text.USB_ReadDevOutEPInterrupt
                0x0800581c       0x12 CMakeFiles/myFOCDriver.elf.dir/Drivers/STM32F4xx_HAL_Driver/Src/stm32f4xx_ll_usb.c.obj
                0x0800581c                USB_ReadDevOutEPInterrupt
 .text.USB_ReadDevInEPInterrupt
                0x0800582e       0x24 CMakeFiles/myFOCDriver.elf.dir/Drivers/STM32F4xx_HAL_Driver/Src/stm32f4xx_ll_usb.c.obj
                0x0800582e                USB_ReadDevInEPInterrupt
 .text.USB_GetMode
                0x08005852        0x8 CMakeFiles/myFOCDriver.elf.dir/Drivers/STM32F4xx_HAL_Driver/Src/stm32f4xx_ll_usb.c.obj
                0x08005852                USB_GetMode
 .text.USB_SetCurrentMode
                0x0800585a       0x62 CMakeFiles/myFOCDriver.elf.dir/Drivers/STM32F4xx_HAL_Driver/Src/stm32f4xx_ll_usb.c.obj
                0x0800585a                USB_SetCurrentMode
 .text.USB_ActivateSetup
                0x080058bc       0x20 CMakeFiles/myFOCDriver.elf.dir/Drivers/STM32F4xx_HAL_Driver/Src/stm32f4xx_ll_usb.c.obj
                0x080058bc                USB_ActivateSetup
 .text.USB_EP0_OutStart
                0x080058dc       0x60 CMakeFiles/myFOCDriver.elf.dir/Drivers/STM32F4xx_HAL_Driver/Src/stm32f4xx_ll_usb.c.obj
                0x080058dc                USB_EP0_OutStart
 .text.USBD_CDC_EP0_RxReady
                0x0800593c       0x40 CMakeFiles/myFOCDriver.elf.dir/Middlewares/ST/STM32_USB_Device_Library/Class/CDC/Src/usbd_cdc.c.obj
 .text.USBD_CDC_GetDeviceQualifierDescriptor
                0x0800597c        0xc CMakeFiles/myFOCDriver.elf.dir/Middlewares/ST/STM32_USB_Device_Library/Class/CDC/Src/usbd_cdc.c.obj
                0x0800597c                USBD_CDC_GetDeviceQualifierDescriptor
 .text.USBD_CDC_GetOtherSpeedCfgDesc
                0x08005988       0x48 CMakeFiles/myFOCDriver.elf.dir/Middlewares/ST/STM32_USB_Device_Library/Class/CDC/Src/usbd_cdc.c.obj
 .text.USBD_CDC_GetFSCfgDesc
                0x080059d0       0x48 CMakeFiles/myFOCDriver.elf.dir/Middlewares/ST/STM32_USB_Device_Library/Class/CDC/Src/usbd_cdc.c.obj
 .text.USBD_CDC_GetHSCfgDesc
                0x08005a18       0x48 CMakeFiles/myFOCDriver.elf.dir/Middlewares/ST/STM32_USB_Device_Library/Class/CDC/Src/usbd_cdc.c.obj
 .text.USBD_CDC_DataOut
                0x08005a60       0x38 CMakeFiles/myFOCDriver.elf.dir/Middlewares/ST/STM32_USB_Device_Library/Class/CDC/Src/usbd_cdc.c.obj
 .text.USBD_CDC_DataIn
                0x08005a98       0x7c CMakeFiles/myFOCDriver.elf.dir/Middlewares/ST/STM32_USB_Device_Library/Class/CDC/Src/usbd_cdc.c.obj
 .text.USBD_CDC_Setup
                0x08005b14      0x11a CMakeFiles/myFOCDriver.elf.dir/Middlewares/ST/STM32_USB_Device_Library/Class/CDC/Src/usbd_cdc.c.obj
 .text.USBD_CDC_DeInit
                0x08005c2e       0x64 CMakeFiles/myFOCDriver.elf.dir/Middlewares/ST/STM32_USB_Device_Library/Class/CDC/Src/usbd_cdc.c.obj
 .text.USBD_CDC_Init
                0x08005c92       0xee CMakeFiles/myFOCDriver.elf.dir/Middlewares/ST/STM32_USB_Device_Library/Class/CDC/Src/usbd_cdc.c.obj
 .text.USBD_CDC_RegisterInterface
                0x08005d80       0x16 CMakeFiles/myFOCDriver.elf.dir/Middlewares/ST/STM32_USB_Device_Library/Class/CDC/Src/usbd_cdc.c.obj
                0x08005d80                USBD_CDC_RegisterInterface
 .text.USBD_CDC_SetTxBuffer
                0x08005d96       0x1c CMakeFiles/myFOCDriver.elf.dir/Middlewares/ST/STM32_USB_Device_Library/Class/CDC/Src/usbd_cdc.c.obj
                0x08005d96                USBD_CDC_SetTxBuffer
 .text.USBD_CDC_SetRxBuffer
                0x08005db2       0x18 CMakeFiles/myFOCDriver.elf.dir/Middlewares/ST/STM32_USB_Device_Library/Class/CDC/Src/usbd_cdc.c.obj
                0x08005db2                USBD_CDC_SetRxBuffer
 .text.USBD_CDC_TransmitPacket
                0x08005dca       0x36 CMakeFiles/myFOCDriver.elf.dir/Middlewares/ST/STM32_USB_Device_Library/Class/CDC/Src/usbd_cdc.c.obj
                0x08005dca                USBD_CDC_TransmitPacket
 .text.USBD_CDC_ReceivePacket
                0x08005e00       0x38 CMakeFiles/myFOCDriver.elf.dir/Middlewares/ST/STM32_USB_Device_Library/Class/CDC/Src/usbd_cdc.c.obj
                0x08005e00                USBD_CDC_ReceivePacket
 .text.USBD_Init
                0x08005e38       0x2e CMakeFiles/myFOCDriver.elf.dir/Middlewares/ST/STM32_USB_Device_Library/Core/Src/usbd_core.c.obj
                0x08005e38                USBD_Init
 .text.USBD_RegisterClass
                0x08005e66       0x34 CMakeFiles/myFOCDriver.elf.dir/Middlewares/ST/STM32_USB_Device_Library/Core/Src/usbd_core.c.obj
                0x08005e66                USBD_RegisterClass
 .text.USBD_Start
                0x08005e9a        0x8 CMakeFiles/myFOCDriver.elf.dir/Middlewares/ST/STM32_USB_Device_Library/Core/Src/usbd_core.c.obj
                0x08005e9a                USBD_Start
 .text.USBD_SetClassConfig
                0x08005ea2       0x12 CMakeFiles/myFOCDriver.elf.dir/Middlewares/ST/STM32_USB_Device_Library/Core/Src/usbd_core.c.obj
                0x08005ea2                USBD_SetClassConfig
 .text.USBD_ClrClassConfig
                0x08005eb4       0x12 CMakeFiles/myFOCDriver.elf.dir/Middlewares/ST/STM32_USB_Device_Library/Core/Src/usbd_core.c.obj
                0x08005eb4                USBD_ClrClassConfig
 .text.USBD_LL_SetupStage
                0x08005ec6       0x58 CMakeFiles/myFOCDriver.elf.dir/Middlewares/ST/STM32_USB_Device_Library/Core/Src/usbd_core.c.obj
                0x08005ec6                USBD_LL_SetupStage
 .text.USBD_LL_Reset
                0x08005f1e       0x64 CMakeFiles/myFOCDriver.elf.dir/Middlewares/ST/STM32_USB_Device_Library/Core/Src/usbd_core.c.obj
                0x08005f1e                USBD_LL_Reset
 .text.USBD_LL_SetSpeed
                0x08005f82        0x6 CMakeFiles/myFOCDriver.elf.dir/Middlewares/ST/STM32_USB_Device_Library/Core/Src/usbd_core.c.obj
                0x08005f82                USBD_LL_SetSpeed
 .text.USBD_LL_Suspend
                0x08005f88       0x14 CMakeFiles/myFOCDriver.elf.dir/Middlewares/ST/STM32_USB_Device_Library/Core/Src/usbd_core.c.obj
                0x08005f88                USBD_LL_Suspend
 .text.USBD_LL_Resume
                0x08005f9c       0x1a CMakeFiles/myFOCDriver.elf.dir/Middlewares/ST/STM32_USB_Device_Library/Core/Src/usbd_core.c.obj
                0x08005f9c                USBD_LL_Resume
 .text.USBD_LL_SOF
                0x08005fb6       0x22 CMakeFiles/myFOCDriver.elf.dir/Middlewares/ST/STM32_USB_Device_Library/Core/Src/usbd_core.c.obj
                0x08005fb6                USBD_LL_SOF
 .text.USBD_LL_IsoINIncomplete
                0x08005fd8       0x2e CMakeFiles/myFOCDriver.elf.dir/Middlewares/ST/STM32_USB_Device_Library/Core/Src/usbd_core.c.obj
                0x08005fd8                USBD_LL_IsoINIncomplete
 .text.USBD_LL_IsoOUTIncomplete
                0x08006006       0x2e CMakeFiles/myFOCDriver.elf.dir/Middlewares/ST/STM32_USB_Device_Library/Core/Src/usbd_core.c.obj
                0x08006006                USBD_LL_IsoOUTIncomplete
 .text.USBD_LL_DevConnected
                0x08006034        0x4 CMakeFiles/myFOCDriver.elf.dir/Middlewares/ST/STM32_USB_Device_Library/Core/Src/usbd_core.c.obj
                0x08006034                USBD_LL_DevConnected
 .text.USBD_LL_DevDisconnected
                0x08006038       0x20 CMakeFiles/myFOCDriver.elf.dir/Middlewares/ST/STM32_USB_Device_Library/Core/Src/usbd_core.c.obj
                0x08006038                USBD_LL_DevDisconnected
 .text.USBD_CoreFindIF
                0x08006058        0x4 CMakeFiles/myFOCDriver.elf.dir/Middlewares/ST/STM32_USB_Device_Library/Core/Src/usbd_core.c.obj
                0x08006058                USBD_CoreFindIF
 .text.USBD_CoreFindEP
                0x0800605c        0x4 CMakeFiles/myFOCDriver.elf.dir/Middlewares/ST/STM32_USB_Device_Library/Core/Src/usbd_core.c.obj
                0x0800605c                USBD_CoreFindEP
 .text.USBD_LL_DataOutStage
                0x08006060       0xc6 CMakeFiles/myFOCDriver.elf.dir/Middlewares/ST/STM32_USB_Device_Library/Core/Src/usbd_core.c.obj
                0x08006060                USBD_LL_DataOutStage
 .text.USBD_LL_DataInStage
                0x08006126       0xd6 CMakeFiles/myFOCDriver.elf.dir/Middlewares/ST/STM32_USB_Device_Library/Core/Src/usbd_core.c.obj
                0x08006126                USBD_LL_DataInStage
 .text.USBD_GetNextDesc
                0x080061fc        0xe CMakeFiles/myFOCDriver.elf.dir/Middlewares/ST/STM32_USB_Device_Library/Core/Src/usbd_core.c.obj
                0x080061fc                USBD_GetNextDesc
 .text.USBD_GetEpDesc
                0x0800620a       0x3e CMakeFiles/myFOCDriver.elf.dir/Middlewares/ST/STM32_USB_Device_Library/Core/Src/usbd_core.c.obj
                0x0800620a                USBD_GetEpDesc
 .text.USBD_GetLen
                0x08006248       0x14 CMakeFiles/myFOCDriver.elf.dir/Middlewares/ST/STM32_USB_Device_Library/Core/Src/usbd_ctlreq.c.obj
 .text.USBD_ParseSetupRequest
                0x0800625c       0x28 CMakeFiles/myFOCDriver.elf.dir/Middlewares/ST/STM32_USB_Device_Library/Core/Src/usbd_ctlreq.c.obj
                0x0800625c                USBD_ParseSetupRequest
 .text.USBD_CtlError
                0x08006284       0x14 CMakeFiles/myFOCDriver.elf.dir/Middlewares/ST/STM32_USB_Device_Library/Core/Src/usbd_ctlreq.c.obj
                0x08006284                USBD_CtlError
 .text.USBD_GetDescriptor
                0x08006298      0x18a CMakeFiles/myFOCDriver.elf.dir/Middlewares/ST/STM32_USB_Device_Library/Core/Src/usbd_ctlreq.c.obj
 .text.USBD_SetAddress
                0x08006422       0x50 CMakeFiles/myFOCDriver.elf.dir/Middlewares/ST/STM32_USB_Device_Library/Core/Src/usbd_ctlreq.c.obj
 *fill*         0x08006472        0x2 
 .text.USBD_SetConfig
                0x08006474       0xcc CMakeFiles/myFOCDriver.elf.dir/Middlewares/ST/STM32_USB_Device_Library/Core/Src/usbd_ctlreq.c.obj
 .text.USBD_GetConfig
                0x08006540       0x40 CMakeFiles/myFOCDriver.elf.dir/Middlewares/ST/STM32_USB_Device_Library/Core/Src/usbd_ctlreq.c.obj
 .text.USBD_GetStatus
                0x08006580       0x38 CMakeFiles/myFOCDriver.elf.dir/Middlewares/ST/STM32_USB_Device_Library/Core/Src/usbd_ctlreq.c.obj
 .text.USBD_SetFeature
                0x080065b8       0x2a CMakeFiles/myFOCDriver.elf.dir/Middlewares/ST/STM32_USB_Device_Library/Core/Src/usbd_ctlreq.c.obj
 .text.USBD_ClrFeature
                0x080065e2       0x26 CMakeFiles/myFOCDriver.elf.dir/Middlewares/ST/STM32_USB_Device_Library/Core/Src/usbd_ctlreq.c.obj
 .text.USBD_StdDevReq
                0x08006608       0x76 CMakeFiles/myFOCDriver.elf.dir/Middlewares/ST/STM32_USB_Device_Library/Core/Src/usbd_ctlreq.c.obj
                0x08006608                USBD_StdDevReq
 .text.USBD_StdItfReq
                0x0800667e       0x84 CMakeFiles/myFOCDriver.elf.dir/Middlewares/ST/STM32_USB_Device_Library/Core/Src/usbd_ctlreq.c.obj
                0x0800667e                USBD_StdItfReq
 .text.USBD_StdEPReq
                0x08006702      0x230 CMakeFiles/myFOCDriver.elf.dir/Middlewares/ST/STM32_USB_Device_Library/Core/Src/usbd_ctlreq.c.obj
                0x08006702                USBD_StdEPReq
 .text.USBD_GetString
                0x08006932       0x3a CMakeFiles/myFOCDriver.elf.dir/Middlewares/ST/STM32_USB_Device_Library/Core/Src/usbd_ctlreq.c.obj
                0x08006932                USBD_GetString
 .text.USBD_CtlSendData
                0x0800696c       0x1a CMakeFiles/myFOCDriver.elf.dir/Middlewares/ST/STM32_USB_Device_Library/Core/Src/usbd_ioreq.c.obj
                0x0800696c                USBD_CtlSendData
 .text.USBD_CtlContinueSendData
                0x08006986       0x10 CMakeFiles/myFOCDriver.elf.dir/Middlewares/ST/STM32_USB_Device_Library/Core/Src/usbd_ioreq.c.obj
                0x08006986                USBD_CtlContinueSendData
 .text.USBD_CtlPrepareRx
                0x08006996       0x1e CMakeFiles/myFOCDriver.elf.dir/Middlewares/ST/STM32_USB_Device_Library/Core/Src/usbd_ioreq.c.obj
                0x08006996                USBD_CtlPrepareRx
 .text.USBD_CtlContinueRx
                0x080069b4       0x10 CMakeFiles/myFOCDriver.elf.dir/Middlewares/ST/STM32_USB_Device_Library/Core/Src/usbd_ioreq.c.obj
                0x080069b4                USBD_CtlContinueRx
 .text.USBD_CtlSendStatus
                0x080069c4       0x16 CMakeFiles/myFOCDriver.elf.dir/Middlewares/ST/STM32_USB_Device_Library/Core/Src/usbd_ioreq.c.obj
                0x080069c4                USBD_CtlSendStatus
 .text.USBD_CtlReceiveStatus
                0x080069da       0x16 CMakeFiles/myFOCDriver.elf.dir/Middlewares/ST/STM32_USB_Device_Library/Core/Src/usbd_ioreq.c.obj
                0x080069da                USBD_CtlReceiveStatus
 .text._Z41__static_initialization_and_destruction_0ii
                0x080069f0       0x78 CMakeFiles/myFOCDriver.elf.dir/UPREDrivePack/App_Main.cpp.obj
 .text._ZN7Encoder15getAbusoluteCNTEv
                0x08006a68       0x4c CMakeFiles/myFOCDriver.elf.dir/UPREDrivePack/App_Main.cpp.obj
                0x08006a68                Encoder::getAbusoluteCNT()
 .text._ZN7Encoder8getRadioEv
                0x08006ab4       0x44 CMakeFiles/myFOCDriver.elf.dir/UPREDrivePack/App_Main.cpp.obj
                0x08006ab4                Encoder::getRadio()
 .text.App_Main
                0x08006af8       0xb8 CMakeFiles/myFOCDriver.elf.dir/UPREDrivePack/App_Main.cpp.obj
                0x08006af8                App_Main
 .text.HAL_TIM_PeriodElapsedCallback
                0x08006bb0       0x1c CMakeFiles/myFOCDriver.elf.dir/UPREDrivePack/App_Main.cpp.obj
                0x08006bb0                HAL_TIM_PeriodElapsedCallback
 .text.HAL_TIM_PWM_PulseFinishedCallback
                0x08006bcc      0x138 CMakeFiles/myFOCDriver.elf.dir/UPREDrivePack/App_Main.cpp.obj
                0x08006bcc                HAL_TIM_PWM_PulseFinishedCallback
 .text._GLOBAL__sub_I_vd
                0x08006d04        0xe CMakeFiles/myFOCDriver.elf.dir/UPREDrivePack/App_Main.cpp.obj
 *fill*         0x08006d12        0x2 
 .text._ZN10Controller8OpenLoopEfffff
                0x08006d14       0xc4 CMakeFiles/myFOCDriver.elf.dir/UPREDrivePack/Controller/Controller.cpp.obj
                0x08006d14                Controller::OpenLoop(float, float, float, float, float)
 .text._ZN7Drv83018setParamEtttttttttt
                0x08006dd8       0x32 CMakeFiles/myFOCDriver.elf.dir/UPREDrivePack/Drv8301/Drv8301.cpp.obj
                0x08006dd8                Drv8301::setParam(unsigned short, unsigned short, unsigned short, unsigned short, unsigned short, unsigned short, unsigned short, unsigned short, unsigned short, unsigned short)
 *fill*         0x08006e0a        0x2 
 .text._ZN7Drv83014readEv
                0x08006e0c       0x4c CMakeFiles/myFOCDriver.elf.dir/UPREDrivePack/Drv8301/Drv8301.cpp.obj
                0x08006e0c                Drv8301::read()
 .text._ZN7Drv83015writeEt
                0x08006e58       0x48 CMakeFiles/myFOCDriver.elf.dir/UPREDrivePack/Drv8301/Drv8301.cpp.obj
                0x08006e58                Drv8301::write(unsigned short)
 .text._ZN7Drv83015StartEv
                0x08006ea0       0xac CMakeFiles/myFOCDriver.elf.dir/UPREDrivePack/Drv8301/Drv8301.cpp.obj
                0x08006ea0                Drv8301::Start()
 .text._ZN3FOC7RevParkEfffPfS0_
                0x08006f4c       0x5c CMakeFiles/myFOCDriver.elf.dir/UPREDrivePack/FOC/FOC.cpp.obj
                0x08006f4c                FOC::RevPark(float, float, float, float*, float*)
 .text._ZN3FOC9GetSectorEff
                0x08006fa8       0x64 CMakeFiles/myFOCDriver.elf.dir/UPREDrivePack/FOC/FOC.cpp.obj
                0x08006fa8                FOC::GetSector(float, float)
 .text._ZN3FOC14CalcVectorTimeEPfS0_mhfff
                0x0800700c       0xb8 CMakeFiles/myFOCDriver.elf.dir/UPREDrivePack/FOC/FOC.cpp.obj
                0x0800700c                FOC::CalcVectorTime(float*, float*, unsigned long, unsigned char, float, float, float)
 .text._ZN3FOC8CalcCCRsEfffh
                0x080070c4       0xa6 CMakeFiles/myFOCDriver.elf.dir/UPREDrivePack/FOC/FOC.cpp.obj
                0x080070c4                FOC::CalcCCRs(float, float, float, unsigned char)
 .text._ZN3FOC3SvmEffff
                0x0800716a       0x68 CMakeFiles/myFOCDriver.elf.dir/UPREDrivePack/FOC/FOC.cpp.obj
                0x0800716a                FOC::Svm(float, float, float, float)
 .text._ZN5Motor5StartEP17TIM_HandleTypeDef
                0x080071d2       0x4e CMakeFiles/myFOCDriver.elf.dir/UPREDrivePack/Motor/Motor.cpp.obj
                0x080071d2                Motor::Start(TIM_HandleTypeDef*)
 .text._ZN5Motor6setCCREfff
                0x08007220       0x26 CMakeFiles/myFOCDriver.elf.dir/UPREDrivePack/Motor/Motor.cpp.obj
                0x08007220                Motor::setCCR(float, float, float)
 *fill*         0x08007246        0x2 
 .text.MX_USB_DEVICE_Init
                0x08007248       0x54 CMakeFiles/myFOCDriver.elf.dir/USB_DEVICE/App/usb_device.c.obj
                0x08007248                MX_USB_DEVICE_Init
 .text.CDC_DeInit_FS
                0x0800729c        0x4 CMakeFiles/myFOCDriver.elf.dir/USB_DEVICE/App/usbd_cdc_if.c.obj
 .text.CDC_Control_FS
                0x080072a0        0x4 CMakeFiles/myFOCDriver.elf.dir/USB_DEVICE/App/usbd_cdc_if.c.obj
 .text.CDC_TransmitCplt_FS
                0x080072a4        0x4 CMakeFiles/myFOCDriver.elf.dir/USB_DEVICE/App/usbd_cdc_if.c.obj
 .text.CDC_Receive_FS
                0x080072a8       0x1c CMakeFiles/myFOCDriver.elf.dir/USB_DEVICE/App/usbd_cdc_if.c.obj
 .text.CDC_Init_FS
                0x080072c4       0x28 CMakeFiles/myFOCDriver.elf.dir/USB_DEVICE/App/usbd_cdc_if.c.obj
 .text.CDC_Transmit_FS
                0x080072ec       0x2c CMakeFiles/myFOCDriver.elf.dir/USB_DEVICE/App/usbd_cdc_if.c.obj
                0x080072ec                CDC_Transmit_FS
 .text.USBD_FS_DeviceDescriptor
                0x08007318        0xc CMakeFiles/myFOCDriver.elf.dir/USB_DEVICE/App/usbd_desc.c.obj
                0x08007318                USBD_FS_DeviceDescriptor
 .text.USBD_FS_LangIDStrDescriptor
                0x08007324        0xc CMakeFiles/myFOCDriver.elf.dir/USB_DEVICE/App/usbd_desc.c.obj
                0x08007324                USBD_FS_LangIDStrDescriptor
 .text.IntToUnicode
                0x08007330       0x46 CMakeFiles/myFOCDriver.elf.dir/USB_DEVICE/App/usbd_desc.c.obj
 *fill*         0x08007376        0x2 
 .text.Get_SerialNum
                0x08007378       0x38 CMakeFiles/myFOCDriver.elf.dir/USB_DEVICE/App/usbd_desc.c.obj
 .text.USBD_FS_SerialStrDescriptor
                0x080073b0       0x14 CMakeFiles/myFOCDriver.elf.dir/USB_DEVICE/App/usbd_desc.c.obj
                0x080073b0                USBD_FS_SerialStrDescriptor
 .text.USBD_FS_ProductStrDescriptor
                0x080073c4       0x24 CMakeFiles/myFOCDriver.elf.dir/USB_DEVICE/App/usbd_desc.c.obj
                0x080073c4                USBD_FS_ProductStrDescriptor
 .text.USBD_FS_ManufacturerStrDescriptor
                0x080073e8       0x1c CMakeFiles/myFOCDriver.elf.dir/USB_DEVICE/App/usbd_desc.c.obj
                0x080073e8                USBD_FS_ManufacturerStrDescriptor
 .text.USBD_FS_ConfigStrDescriptor
                0x08007404       0x24 CMakeFiles/myFOCDriver.elf.dir/USB_DEVICE/App/usbd_desc.c.obj
                0x08007404                USBD_FS_ConfigStrDescriptor
 .text.USBD_FS_InterfaceStrDescriptor
                0x08007428       0x24 CMakeFiles/myFOCDriver.elf.dir/USB_DEVICE/App/usbd_desc.c.obj
                0x08007428                USBD_FS_InterfaceStrDescriptor
 .text.HAL_PCD_MspInit
                0x0800744c       0x84 CMakeFiles/myFOCDriver.elf.dir/USB_DEVICE/Target/usbd_conf.c.obj
                0x0800744c                HAL_PCD_MspInit
 .text.HAL_PCD_SetupStageCallback
                0x080074d0       0x10 CMakeFiles/myFOCDriver.elf.dir/USB_DEVICE/Target/usbd_conf.c.obj
                0x080074d0                HAL_PCD_SetupStageCallback
 .text.HAL_PCD_DataOutStageCallback
                0x080074e0       0x18 CMakeFiles/myFOCDriver.elf.dir/USB_DEVICE/Target/usbd_conf.c.obj
                0x080074e0                HAL_PCD_DataOutStageCallback
 .text.HAL_PCD_DataInStageCallback
                0x080074f8       0x16 CMakeFiles/myFOCDriver.elf.dir/USB_DEVICE/Target/usbd_conf.c.obj
                0x080074f8                HAL_PCD_DataInStageCallback
 .text.HAL_PCD_SOFCallback
                0x0800750e        0xc CMakeFiles/myFOCDriver.elf.dir/USB_DEVICE/Target/usbd_conf.c.obj
                0x0800750e                HAL_PCD_SOFCallback
 .text.HAL_PCD_ResetCallback
                0x0800751a       0x2c CMakeFiles/myFOCDriver.elf.dir/USB_DEVICE/Target/usbd_conf.c.obj
                0x0800751a                HAL_PCD_ResetCallback
 *fill*         0x08007546        0x2 
 .text.HAL_PCD_SuspendCallback
                0x08007548       0x30 CMakeFiles/myFOCDriver.elf.dir/USB_DEVICE/Target/usbd_conf.c.obj
                0x08007548                HAL_PCD_SuspendCallback
 .text.HAL_PCD_ResumeCallback
                0x08007578        0xc CMakeFiles/myFOCDriver.elf.dir/USB_DEVICE/Target/usbd_conf.c.obj
                0x08007578                HAL_PCD_ResumeCallback
 .text.HAL_PCD_ISOOUTIncompleteCallback
                0x08007584        0xc CMakeFiles/myFOCDriver.elf.dir/USB_DEVICE/Target/usbd_conf.c.obj
                0x08007584                HAL_PCD_ISOOUTIncompleteCallback
 .text.HAL_PCD_ISOINIncompleteCallback
                0x08007590        0xc CMakeFiles/myFOCDriver.elf.dir/USB_DEVICE/Target/usbd_conf.c.obj
                0x08007590                HAL_PCD_ISOINIncompleteCallback
 .text.HAL_PCD_ConnectCallback
                0x0800759c        0xc CMakeFiles/myFOCDriver.elf.dir/USB_DEVICE/Target/usbd_conf.c.obj
                0x0800759c                HAL_PCD_ConnectCallback
 .text.HAL_PCD_DisconnectCallback
                0x080075a8        0xc CMakeFiles/myFOCDriver.elf.dir/USB_DEVICE/Target/usbd_conf.c.obj
                0x080075a8                HAL_PCD_DisconnectCallback
 .text.USBD_LL_Init
                0x080075b4       0x68 CMakeFiles/myFOCDriver.elf.dir/USB_DEVICE/Target/usbd_conf.c.obj
                0x080075b4                USBD_LL_Init
 .text.USBD_LL_IsStallEP
                0x0800761c       0x2e CMakeFiles/myFOCDriver.elf.dir/USB_DEVICE/Target/usbd_conf.c.obj
                0x0800761c                USBD_LL_IsStallEP
 .text.USBD_LL_GetRxDataSize
                0x0800764a        0xc CMakeFiles/myFOCDriver.elf.dir/USB_DEVICE/Target/usbd_conf.c.obj
                0x0800764a                USBD_LL_GetRxDataSize
 *fill*         0x08007656        0x2 
 .text.USBD_static_malloc
                0x08007658        0x8 CMakeFiles/myFOCDriver.elf.dir/USB_DEVICE/Target/usbd_conf.c.obj
                0x08007658                USBD_static_malloc
 .text.USBD_static_free
                0x08007660        0x2 CMakeFiles/myFOCDriver.elf.dir/USB_DEVICE/Target/usbd_conf.c.obj
                0x08007660                USBD_static_free
 .text.USBD_Get_USB_Status
                0x08007662       0x14 CMakeFiles/myFOCDriver.elf.dir/USB_DEVICE/Target/usbd_conf.c.obj
                0x08007662                USBD_Get_USB_Status
 .text.USBD_LL_Start
                0x08007676       0x10 CMakeFiles/myFOCDriver.elf.dir/USB_DEVICE/Target/usbd_conf.c.obj
                0x08007676                USBD_LL_Start
 .text.USBD_LL_OpenEP
                0x08007686       0x16 CMakeFiles/myFOCDriver.elf.dir/USB_DEVICE/Target/usbd_conf.c.obj
                0x08007686                USBD_LL_OpenEP
 .text.USBD_LL_CloseEP
                0x0800769c       0x10 CMakeFiles/myFOCDriver.elf.dir/USB_DEVICE/Target/usbd_conf.c.obj
                0x0800769c                USBD_LL_CloseEP
 .text.USBD_LL_StallEP
                0x080076ac       0x10 CMakeFiles/myFOCDriver.elf.dir/USB_DEVICE/Target/usbd_conf.c.obj
                0x080076ac                USBD_LL_StallEP
 .text.USBD_LL_ClearStallEP
                0x080076bc       0x10 CMakeFiles/myFOCDriver.elf.dir/USB_DEVICE/Target/usbd_conf.c.obj
                0x080076bc                USBD_LL_ClearStallEP
 .text.USBD_LL_SetUSBAddress
                0x080076cc       0x10 CMakeFiles/myFOCDriver.elf.dir/USB_DEVICE/Target/usbd_conf.c.obj
                0x080076cc                USBD_LL_SetUSBAddress
 .text.USBD_LL_Transmit
                0x080076dc       0x10 CMakeFiles/myFOCDriver.elf.dir/USB_DEVICE/Target/usbd_conf.c.obj
                0x080076dc                USBD_LL_Transmit
 .text.USBD_LL_PrepareReceive
                0x080076ec       0x10 CMakeFiles/myFOCDriver.elf.dir/USB_DEVICE/Target/usbd_conf.c.obj
                0x080076ec                USBD_LL_PrepareReceive
 .text.arm_sin_f32
                0x080076fc       0x8c D:/Project/Code/STM32/HK_FOC_code/myFOCDriver/Middlewares/ST/ARM/DSP/Lib/libarm_cortexM4lf_math.a(arm_sin_f32.o)
                0x080076fc                arm_sin_f32
 .text.arm_cos_f32
                0x08007788       0x94 D:/Project/Code/STM32/HK_FOC_code/myFOCDriver/Middlewares/ST/ARM/DSP/Lib/libarm_cortexM4lf_math.a(arm_cos_f32.o)
                0x08007788                arm_cos_f32
 .text.__udivmoddi4
                0x0800781c      0x2bc d:/software/arm-gnu-toolchain-12.3.rel1-mingw-w64-i686-arm-none-eabi/arm-gnu-toolchain-12.3.rel1-mingw-w64-i686-arm-none-eabi/bin/../lib/gcc/arm-none-eabi/12.3.1/thumb/v7e-m+fp/hard\libgcc.a(_udivmoddi4.o)
                0x0800781c                __udivmoddi4
 .text.selfrel_offset31
                0x08007ad8       0x14 d:/software/arm-gnu-toolchain-12.3.rel1-mingw-w64-i686-arm-none-eabi/arm-gnu-toolchain-12.3.rel1-mingw-w64-i686-arm-none-eabi/bin/../lib/gcc/arm-none-eabi/12.3.1/thumb/v7e-m+fp/hard\libgcc.a(unwind-arm.o)
 .text.search_EIT_table
                0x08007aec       0x64 d:/software/arm-gnu-toolchain-12.3.rel1-mingw-w64-i686-arm-none-eabi/arm-gnu-toolchain-12.3.rel1-mingw-w64-i686-arm-none-eabi/bin/../lib/gcc/arm-none-eabi/12.3.1/thumb/v7e-m+fp/hard\libgcc.a(unwind-arm.o)
 .text.__gnu_unwind_get_pr_addr
                0x08007b50       0x28 d:/software/arm-gnu-toolchain-12.3.rel1-mingw-w64-i686-arm-none-eabi/arm-gnu-toolchain-12.3.rel1-mingw-w64-i686-arm-none-eabi/bin/../lib/gcc/arm-none-eabi/12.3.1/thumb/v7e-m+fp/hard\libgcc.a(unwind-arm.o)
 .text.get_eit_entry
                0x08007b78       0x94 d:/software/arm-gnu-toolchain-12.3.rel1-mingw-w64-i686-arm-none-eabi/arm-gnu-toolchain-12.3.rel1-mingw-w64-i686-arm-none-eabi/bin/../lib/gcc/arm-none-eabi/12.3.1/thumb/v7e-m+fp/hard\libgcc.a(unwind-arm.o)
 .text.restore_non_core_regs
                0x08007c0c       0x58 d:/software/arm-gnu-toolchain-12.3.rel1-mingw-w64-i686-arm-none-eabi/arm-gnu-toolchain-12.3.rel1-mingw-w64-i686-arm-none-eabi/bin/../lib/gcc/arm-none-eabi/12.3.1/thumb/v7e-m+fp/hard\libgcc.a(unwind-arm.o)
 .text._Unwind_decode_typeinfo_ptr.constprop.0
                0x08007c64        0xc d:/software/arm-gnu-toolchain-12.3.rel1-mingw-w64-i686-arm-none-eabi/arm-gnu-toolchain-12.3.rel1-mingw-w64-i686-arm-none-eabi/bin/../lib/gcc/arm-none-eabi/12.3.1/thumb/v7e-m+fp/hard\libgcc.a(unwind-arm.o)
 .text._Unwind_DebugHook
                0x08007c70        0x4 d:/software/arm-gnu-toolchain-12.3.rel1-mingw-w64-i686-arm-none-eabi/arm-gnu-toolchain-12.3.rel1-mingw-w64-i686-arm-none-eabi/bin/../lib/gcc/arm-none-eabi/12.3.1/thumb/v7e-m+fp/hard\libgcc.a(unwind-arm.o)
 .text.unwind_phase2
                0x08007c74       0x38 d:/software/arm-gnu-toolchain-12.3.rel1-mingw-w64-i686-arm-none-eabi/arm-gnu-toolchain-12.3.rel1-mingw-w64-i686-arm-none-eabi/bin/../lib/gcc/arm-none-eabi/12.3.1/thumb/v7e-m+fp/hard\libgcc.a(unwind-arm.o)
 .text.unwind_phase2_forced
                0x08007cac       0xd4 d:/software/arm-gnu-toolchain-12.3.rel1-mingw-w64-i686-arm-none-eabi/arm-gnu-toolchain-12.3.rel1-mingw-w64-i686-arm-none-eabi/bin/../lib/gcc/arm-none-eabi/12.3.1/thumb/v7e-m+fp/hard\libgcc.a(unwind-arm.o)
 .text.__gnu_Unwind_RaiseException
                0x08007d80       0x68 d:/software/arm-gnu-toolchain-12.3.rel1-mingw-w64-i686-arm-none-eabi/arm-gnu-toolchain-12.3.rel1-mingw-w64-i686-arm-none-eabi/bin/../lib/gcc/arm-none-eabi/12.3.1/thumb/v7e-m+fp/hard\libgcc.a(unwind-arm.o)
                0x08007d80                __gnu_Unwind_RaiseException
 .text.__gnu_Unwind_ForcedUnwind
                0x08007de8       0x10 d:/software/arm-gnu-toolchain-12.3.rel1-mingw-w64-i686-arm-none-eabi/arm-gnu-toolchain-12.3.rel1-mingw-w64-i686-arm-none-eabi/bin/../lib/gcc/arm-none-eabi/12.3.1/thumb/v7e-m+fp/hard\libgcc.a(unwind-arm.o)
                0x08007de8                __gnu_Unwind_ForcedUnwind
 .text.__gnu_Unwind_Resume
                0x08007df8       0x40 d:/software/arm-gnu-toolchain-12.3.rel1-mingw-w64-i686-arm-none-eabi/arm-gnu-toolchain-12.3.rel1-mingw-w64-i686-arm-none-eabi/bin/../lib/gcc/arm-none-eabi/12.3.1/thumb/v7e-m+fp/hard\libgcc.a(unwind-arm.o)
                0x08007df8                __gnu_Unwind_Resume
 .text.__gnu_Unwind_Resume_or_Rethrow
                0x08007e38       0x14 d:/software/arm-gnu-toolchain-12.3.rel1-mingw-w64-i686-arm-none-eabi/arm-gnu-toolchain-12.3.rel1-mingw-w64-i686-arm-none-eabi/bin/../lib/gcc/arm-none-eabi/12.3.1/thumb/v7e-m+fp/hard\libgcc.a(unwind-arm.o)
                0x08007e38                __gnu_Unwind_Resume_or_Rethrow
 .text._Unwind_VRS_Get
                0x08007e4c       0x30 d:/software/arm-gnu-toolchain-12.3.rel1-mingw-w64-i686-arm-none-eabi/arm-gnu-toolchain-12.3.rel1-mingw-w64-i686-arm-none-eabi/bin/../lib/gcc/arm-none-eabi/12.3.1/thumb/v7e-m+fp/hard\libgcc.a(unwind-arm.o)
                0x08007e4c                _Unwind_VRS_Get
 .text._Unwind_GetGR
                0x08007e7c       0x1c d:/software/arm-gnu-toolchain-12.3.rel1-mingw-w64-i686-arm-none-eabi/arm-gnu-toolchain-12.3.rel1-mingw-w64-i686-arm-none-eabi/bin/../lib/gcc/arm-none-eabi/12.3.1/thumb/v7e-m+fp/hard\libgcc.a(unwind-arm.o)
 .text._Unwind_VRS_Set
                0x08007e98       0x30 d:/software/arm-gnu-toolchain-12.3.rel1-mingw-w64-i686-arm-none-eabi/arm-gnu-toolchain-12.3.rel1-mingw-w64-i686-arm-none-eabi/bin/../lib/gcc/arm-none-eabi/12.3.1/thumb/v7e-m+fp/hard\libgcc.a(unwind-arm.o)
                0x08007e98                _Unwind_VRS_Set
 .text._Unwind_SetGR
                0x08007ec8       0x18 d:/software/arm-gnu-toolchain-12.3.rel1-mingw-w64-i686-arm-none-eabi/arm-gnu-toolchain-12.3.rel1-mingw-w64-i686-arm-none-eabi/bin/../lib/gcc/arm-none-eabi/12.3.1/thumb/v7e-m+fp/hard\libgcc.a(unwind-arm.o)
 .text.__gnu_Unwind_Backtrace
                0x08007ee0       0x84 d:/software/arm-gnu-toolchain-12.3.rel1-mingw-w64-i686-arm-none-eabi/arm-gnu-toolchain-12.3.rel1-mingw-w64-i686-arm-none-eabi/bin/../lib/gcc/arm-none-eabi/12.3.1/thumb/v7e-m+fp/hard\libgcc.a(unwind-arm.o)
                0x08007ee0                __gnu_Unwind_Backtrace
 .text.__gnu_unwind_pr_common
                0x08007f64      0x298 d:/software/arm-gnu-toolchain-12.3.rel1-mingw-w64-i686-arm-none-eabi/arm-gnu-toolchain-12.3.rel1-mingw-w64-i686-arm-none-eabi/bin/../lib/gcc/arm-none-eabi/12.3.1/thumb/v7e-m+fp/hard\libgcc.a(unwind-arm.o)
 .text.__aeabi_unwind_cpp_pr0
                0x080081fc        0x8 d:/software/arm-gnu-toolchain-12.3.rel1-mingw-w64-i686-arm-none-eabi/arm-gnu-toolchain-12.3.rel1-mingw-w64-i686-arm-none-eabi/bin/../lib/gcc/arm-none-eabi/12.3.1/thumb/v7e-m+fp/hard\libgcc.a(unwind-arm.o)
                0x080081fc                __aeabi_unwind_cpp_pr0
 .text.__aeabi_unwind_cpp_pr1
                0x08008204        0x8 d:/software/arm-gnu-toolchain-12.3.rel1-mingw-w64-i686-arm-none-eabi/arm-gnu-toolchain-12.3.rel1-mingw-w64-i686-arm-none-eabi/bin/../lib/gcc/arm-none-eabi/12.3.1/thumb/v7e-m+fp/hard\libgcc.a(unwind-arm.o)
                0x08008204                __aeabi_unwind_cpp_pr1
 .text.__aeabi_unwind_cpp_pr2
                0x0800820c        0x8 d:/software/arm-gnu-toolchain-12.3.rel1-mingw-w64-i686-arm-none-eabi/arm-gnu-toolchain-12.3.rel1-mingw-w64-i686-arm-none-eabi/bin/../lib/gcc/arm-none-eabi/12.3.1/thumb/v7e-m+fp/hard\libgcc.a(unwind-arm.o)
                0x0800820c                __aeabi_unwind_cpp_pr2
 .text._Unwind_VRS_Pop
                0x08008214      0x2a8 d:/software/arm-gnu-toolchain-12.3.rel1-mingw-w64-i686-arm-none-eabi/arm-gnu-toolchain-12.3.rel1-mingw-w64-i686-arm-none-eabi/bin/../lib/gcc/arm-none-eabi/12.3.1/thumb/v7e-m+fp/hard\libgcc.a(unwind-arm.o)
                0x08008214                _Unwind_VRS_Pop
 .text.next_unwind_byte
                0x080084bc       0x38 d:/software/arm-gnu-toolchain-12.3.rel1-mingw-w64-i686-arm-none-eabi/arm-gnu-toolchain-12.3.rel1-mingw-w64-i686-arm-none-eabi/bin/../lib/gcc/arm-none-eabi/12.3.1/thumb/v7e-m+fp/hard\libgcc.a(pr-support.o)
 .text.__gnu_unwind_execute
                0x080084f4      0x2d4 d:/software/arm-gnu-toolchain-12.3.rel1-mingw-w64-i686-arm-none-eabi/arm-gnu-toolchain-12.3.rel1-mingw-w64-i686-arm-none-eabi/bin/../lib/gcc/arm-none-eabi/12.3.1/thumb/v7e-m+fp/hard\libgcc.a(pr-support.o)
                0x080084f4                __gnu_unwind_execute
 .text.memset   0x080087c8       0xa4 d:/software/arm-gnu-toolchain-12.3.rel1-mingw-w64-i686-arm-none-eabi/arm-gnu-toolchain-12.3.rel1-mingw-w64-i686-arm-none-eabi/bin/../lib/gcc/arm-none-eabi/12.3.1/thumb/v7e-m+fp/hard\libg.a(libc_a-memset.o)
                0x080087c8                memset
 .text.__libc_init_array
                0x0800886c       0x50 d:/software/arm-gnu-toolchain-12.3.rel1-mingw-w64-i686-arm-none-eabi/arm-gnu-toolchain-12.3.rel1-mingw-w64-i686-arm-none-eabi/bin/../lib/gcc/arm-none-eabi/12.3.1/thumb/v7e-m+fp/hard\libg.a(libc_a-init.o)
                0x0800886c                __libc_init_array
 .text.__retarget_lock_acquire_recursive
                0x080088bc        0x4 d:/software/arm-gnu-toolchain-12.3.rel1-mingw-w64-i686-arm-none-eabi/arm-gnu-toolchain-12.3.rel1-mingw-w64-i686-arm-none-eabi/bin/../lib/gcc/arm-none-eabi/12.3.1/thumb/v7e-m+fp/hard\libg.a(libc_a-lock.o)
                0x080088bc                __retarget_lock_acquire_recursive
 .text.__retarget_lock_release_recursive
                0x080088c0        0x4 d:/software/arm-gnu-toolchain-12.3.rel1-mingw-w64-i686-arm-none-eabi/arm-gnu-toolchain-12.3.rel1-mingw-w64-i686-arm-none-eabi/bin/../lib/gcc/arm-none-eabi/12.3.1/thumb/v7e-m+fp/hard\libg.a(libc_a-lock.o)
                0x080088c0                __retarget_lock_release_recursive
 .text.startup.register_fini
                0x080088c4       0x14 d:/software/arm-gnu-toolchain-12.3.rel1-mingw-w64-i686-arm-none-eabi/arm-gnu-toolchain-12.3.rel1-mingw-w64-i686-arm-none-eabi/bin/../lib/gcc/arm-none-eabi/12.3.1/thumb/v7e-m+fp/hard\libg.a(libc_a-__call_atexit.o)
 .text.atexit   0x080088d8        0xc d:/software/arm-gnu-toolchain-12.3.rel1-mingw-w64-i686-arm-none-eabi/arm-gnu-toolchain-12.3.rel1-mingw-w64-i686-arm-none-eabi/bin/../lib/gcc/arm-none-eabi/12.3.1/thumb/v7e-m+fp/hard\libg.a(libc_a-atexit.o)
                0x080088d8                atexit
 .text.__libc_fini_array
                0x080088e4       0x28 d:/software/arm-gnu-toolchain-12.3.rel1-mingw-w64-i686-arm-none-eabi/arm-gnu-toolchain-12.3.rel1-mingw-w64-i686-arm-none-eabi/bin/../lib/gcc/arm-none-eabi/12.3.1/thumb/v7e-m+fp/hard\libg.a(libc_a-fini.o)
                0x080088e4                __libc_fini_array
 .text.__register_exitproc
                0x0800890c       0x80 d:/software/arm-gnu-toolchain-12.3.rel1-mingw-w64-i686-arm-none-eabi/arm-gnu-toolchain-12.3.rel1-mingw-w64-i686-arm-none-eabi/bin/../lib/gcc/arm-none-eabi/12.3.1/thumb/v7e-m+fp/hard\libg.a(libc_a-__atexit.o)
                0x0800890c                __register_exitproc
 *(.glue_7)
 .glue_7        0x0800898c        0x0 linker stubs
 *(.glue_7t)
 .glue_7t       0x0800898c        0x0 linker stubs
 *(.eh_frame)
 .eh_frame      0x0800898c        0x0 d:/software/arm-gnu-toolchain-12.3.rel1-mingw-w64-i686-arm-none-eabi/arm-gnu-toolchain-12.3.rel1-mingw-w64-i686-arm-none-eabi/bin/../lib/gcc/arm-none-eabi/12.3.1/thumb/v7e-m+fp/hard/crtbegin.o
 *(.init)
 .init          0x0800898c        0x4 d:/software/arm-gnu-toolchain-12.3.rel1-mingw-w64-i686-arm-none-eabi/arm-gnu-toolchain-12.3.rel1-mingw-w64-i686-arm-none-eabi/bin/../lib/gcc/arm-none-eabi/12.3.1/thumb/v7e-m+fp/hard/crti.o
                0x0800898c                _init
 .init          0x08008990        0x8 d:/software/arm-gnu-toolchain-12.3.rel1-mingw-w64-i686-arm-none-eabi/arm-gnu-toolchain-12.3.rel1-mingw-w64-i686-arm-none-eabi/bin/../lib/gcc/arm-none-eabi/12.3.1/thumb/v7e-m+fp/hard/crtn.o
 *(.fini)
 .fini          0x08008998        0x4 d:/software/arm-gnu-toolchain-12.3.rel1-mingw-w64-i686-arm-none-eabi/arm-gnu-toolchain-12.3.rel1-mingw-w64-i686-arm-none-eabi/bin/../lib/gcc/arm-none-eabi/12.3.1/thumb/v7e-m+fp/hard/crti.o
                0x08008998                _fini
 .fini          0x0800899c        0x8 d:/software/arm-gnu-toolchain-12.3.rel1-mingw-w64-i686-arm-none-eabi/arm-gnu-toolchain-12.3.rel1-mingw-w64-i686-arm-none-eabi/bin/../lib/gcc/arm-none-eabi/12.3.1/thumb/v7e-m+fp/hard/crtn.o
                0x080089a4                        . = ALIGN (0x4)
                0x080089a4                        _etext = .

.vfp11_veneer   0x080089a4        0x0
 .vfp11_veneer  0x080089a4        0x0 linker stubs

.v4_bx          0x080089a4        0x0
 .v4_bx         0x080089a4        0x0 linker stubs

.iplt           0x080089a4        0x0
 .iplt          0x080089a4        0x0 d:/software/arm-gnu-toolchain-12.3.rel1-mingw-w64-i686-arm-none-eabi/arm-gnu-toolchain-12.3.rel1-mingw-w64-i686-arm-none-eabi/bin/../lib/gcc/arm-none-eabi/12.3.1/thumb/v7e-m+fp/hard/crtbegin.o

.rodata         0x080089a4      0x864
                0x080089a4                        . = ALIGN (0x4)
 *(.rodata)
 *(.rodata*)
 .rodata.AHBPrescTable
                0x080089a4       0x10 CMakeFiles/myFOCDriver.elf.dir/Core/Src/system_stm32f4xx.c.obj
                0x080089a4                AHBPrescTable
 .rodata.flagBitshiftOffset.0
                0x080089b4        0x8 CMakeFiles/myFOCDriver.elf.dir/Drivers/STM32F4xx_HAL_Driver/Src/stm32f4xx_hal_dma.c.obj
 .rodata.USBD_FS_ProductStrDescriptor.str1.4
                0x080089bc       0x16 CMakeFiles/myFOCDriver.elf.dir/USB_DEVICE/App/usbd_desc.c.obj
 *fill*         0x080089d2        0x2 
 .rodata.USBD_FS_ManufacturerStrDescriptor.str1.4
                0x080089d4       0x13 CMakeFiles/myFOCDriver.elf.dir/USB_DEVICE/App/usbd_desc.c.obj
 *fill*         0x080089e7        0x1 
 .rodata.USBD_FS_ConfigStrDescriptor.str1.4
                0x080089e8        0xb CMakeFiles/myFOCDriver.elf.dir/USB_DEVICE/App/usbd_desc.c.obj
 *fill*         0x080089f3        0x1 
 .rodata.USBD_FS_InterfaceStrDescriptor.str1.4
                0x080089f4        0xe CMakeFiles/myFOCDriver.elf.dir/USB_DEVICE/App/usbd_desc.c.obj
 *fill*         0x08008a02        0x2 
 .rodata.sinTable_f32
                0x08008a04      0x804 D:/Project/Code/STM32/HK_FOC_code/myFOCDriver/Middlewares/ST/ARM/DSP/Lib/libarm_cortexM4lf_math.a(arm_common_tables.o)
                0x08008a04                sinTable_f32
                0x08009208                        . = ALIGN (0x4)

.ARM.extab      0x08009208       0x24
                0x08009208                        . = ALIGN (0x4)
 *(.ARM.extab* .gnu.linkonce.armextab.*)
 .ARM.extab.text._ZN7Encoder15getAbusoluteCNTEv
                0x08009208        0x0 CMakeFiles/myFOCDriver.elf.dir/UPREDrivePack/App_Main.cpp.obj
 .ARM.extab.text._ZN7Encoder8getRadioEv
                0x08009208        0x0 CMakeFiles/myFOCDriver.elf.dir/UPREDrivePack/App_Main.cpp.obj
 .ARM.extab.text.HAL_TIM_PWM_PulseFinishedCallback
                0x08009208        0xc CMakeFiles/myFOCDriver.elf.dir/UPREDrivePack/App_Main.cpp.obj
 .ARM.extab.text._ZN3FOC7RevParkEfffPfS0_
                0x08009214        0xc CMakeFiles/myFOCDriver.elf.dir/UPREDrivePack/FOC/FOC.cpp.obj
 .ARM.extab.text._ZN3FOC3SvmEffff
                0x08009220        0xc CMakeFiles/myFOCDriver.elf.dir/UPREDrivePack/FOC/FOC.cpp.obj
                0x0800922c                        . = ALIGN (0x4)

.ARM            0x0800922c       0xf8
                0x0800922c                        . = ALIGN (0x4)
                0x0800922c                        __exidx_start = .
 *(.ARM.exidx*)
 .ARM.exidx     0x0800922c        0x8 d:/software/arm-gnu-toolchain-12.3.rel1-mingw-w64-i686-arm-none-eabi/arm-gnu-toolchain-12.3.rel1-mingw-w64-i686-arm-none-eabi/bin/../lib/gcc/arm-none-eabi/12.3.1/thumb/v7e-m+fp/hard\libg.a(libc_a-memcpy.o)
 .ARM.exidx.text._Z41__static_initialization_and_destruction_0ii
                0x08009234        0x0 CMakeFiles/myFOCDriver.elf.dir/UPREDrivePack/App_Main.cpp.obj
                                  0x8 (size before relaxing)
 .ARM.exidx.text._ZN7Encoder15getAbusoluteCNTEv
                0x08009234        0x8 CMakeFiles/myFOCDriver.elf.dir/UPREDrivePack/App_Main.cpp.obj
 .ARM.exidx.text._ZN7Encoder8getRadioEv
                0x0800923c        0x8 CMakeFiles/myFOCDriver.elf.dir/UPREDrivePack/App_Main.cpp.obj
 .ARM.exidx.text.App_Main
                0x08009244        0x0 CMakeFiles/myFOCDriver.elf.dir/UPREDrivePack/App_Main.cpp.obj
                                  0x8 (size before relaxing)
 .ARM.exidx.text.HAL_TIM_PeriodElapsedCallback
                0x08009244        0x8 CMakeFiles/myFOCDriver.elf.dir/UPREDrivePack/App_Main.cpp.obj
 .ARM.exidx.text.HAL_TIM_PWM_PulseFinishedCallback
                0x0800924c        0x8 CMakeFiles/myFOCDriver.elf.dir/UPREDrivePack/App_Main.cpp.obj
 .ARM.exidx.text._GLOBAL__sub_I_vd
                0x08009254        0x8 CMakeFiles/myFOCDriver.elf.dir/UPREDrivePack/App_Main.cpp.obj
 .ARM.exidx.text._ZN10Controller8OpenLoopEfffff
                0x0800925c        0x8 CMakeFiles/myFOCDriver.elf.dir/UPREDrivePack/Controller/Controller.cpp.obj
 .ARM.exidx.text._ZN7Drv83018setParamEtttttttttt
                0x08009264        0x8 CMakeFiles/myFOCDriver.elf.dir/UPREDrivePack/Drv8301/Drv8301.cpp.obj
 .ARM.exidx.text._ZN7Drv83014readEv
                0x0800926c        0x8 CMakeFiles/myFOCDriver.elf.dir/UPREDrivePack/Drv8301/Drv8301.cpp.obj
 .ARM.exidx.text._ZN7Drv83015writeEt
                0x08009274        0x0 CMakeFiles/myFOCDriver.elf.dir/UPREDrivePack/Drv8301/Drv8301.cpp.obj
                                  0x8 (size before relaxing)
 .ARM.exidx.text._ZN7Drv83015StartEv
                0x08009274        0x8 CMakeFiles/myFOCDriver.elf.dir/UPREDrivePack/Drv8301/Drv8301.cpp.obj
 .ARM.exidx.text._ZN3FOC7RevParkEfffPfS0_
                0x0800927c        0x8 CMakeFiles/myFOCDriver.elf.dir/UPREDrivePack/FOC/FOC.cpp.obj
 .ARM.exidx.text._ZN3FOC9GetSectorEff
                0x08009284        0x8 CMakeFiles/myFOCDriver.elf.dir/UPREDrivePack/FOC/FOC.cpp.obj
 .ARM.exidx.text._ZN3FOC14CalcVectorTimeEPfS0_mhfff
                0x0800928c        0x0 CMakeFiles/myFOCDriver.elf.dir/UPREDrivePack/FOC/FOC.cpp.obj
                                  0x8 (size before relaxing)
 .ARM.exidx.text._ZN3FOC8CalcCCRsEfffh
                0x0800928c        0x0 CMakeFiles/myFOCDriver.elf.dir/UPREDrivePack/FOC/FOC.cpp.obj
                                  0x8 (size before relaxing)
 .ARM.exidx.text._ZN3FOC3SvmEffff
                0x0800928c        0x8 CMakeFiles/myFOCDriver.elf.dir/UPREDrivePack/FOC/FOC.cpp.obj
 .ARM.exidx.text._ZN5Motor5StartEP17TIM_HandleTypeDef
                0x08009294        0x8 CMakeFiles/myFOCDriver.elf.dir/UPREDrivePack/Motor/Motor.cpp.obj
 .ARM.exidx.text._ZN5Motor6setCCREfff
                0x0800929c        0x8 CMakeFiles/myFOCDriver.elf.dir/UPREDrivePack/Motor/Motor.cpp.obj
 .ARM.exidx.text.__udivmoddi4
                0x080092a4        0x0 d:/software/arm-gnu-toolchain-12.3.rel1-mingw-w64-i686-arm-none-eabi/arm-gnu-toolchain-12.3.rel1-mingw-w64-i686-arm-none-eabi/bin/../lib/gcc/arm-none-eabi/12.3.1/thumb/v7e-m+fp/hard\libgcc.a(_udivmoddi4.o)
                                  0x8 (size before relaxing)
 .ARM.exidx.text.selfrel_offset31
                0x080092a4        0x0 d:/software/arm-gnu-toolchain-12.3.rel1-mingw-w64-i686-arm-none-eabi/arm-gnu-toolchain-12.3.rel1-mingw-w64-i686-arm-none-eabi/bin/../lib/gcc/arm-none-eabi/12.3.1/thumb/v7e-m+fp/hard\libgcc.a(unwind-arm.o)
                                  0x8 (size before relaxing)
 .ARM.exidx.text.search_EIT_table
                0x080092a4        0x0 d:/software/arm-gnu-toolchain-12.3.rel1-mingw-w64-i686-arm-none-eabi/arm-gnu-toolchain-12.3.rel1-mingw-w64-i686-arm-none-eabi/bin/../lib/gcc/arm-none-eabi/12.3.1/thumb/v7e-m+fp/hard\libgcc.a(unwind-arm.o)
                                  0x8 (size before relaxing)
 .ARM.exidx.text.__gnu_unwind_get_pr_addr
                0x080092a4        0x0 d:/software/arm-gnu-toolchain-12.3.rel1-mingw-w64-i686-arm-none-eabi/arm-gnu-toolchain-12.3.rel1-mingw-w64-i686-arm-none-eabi/bin/../lib/gcc/arm-none-eabi/12.3.1/thumb/v7e-m+fp/hard\libgcc.a(unwind-arm.o)
                                  0x8 (size before relaxing)
 .ARM.exidx.text.get_eit_entry
                0x080092a4        0x8 d:/software/arm-gnu-toolchain-12.3.rel1-mingw-w64-i686-arm-none-eabi/arm-gnu-toolchain-12.3.rel1-mingw-w64-i686-arm-none-eabi/bin/../lib/gcc/arm-none-eabi/12.3.1/thumb/v7e-m+fp/hard\libgcc.a(unwind-arm.o)
 .ARM.exidx.text.restore_non_core_regs
                0x080092ac        0x8 d:/software/arm-gnu-toolchain-12.3.rel1-mingw-w64-i686-arm-none-eabi/arm-gnu-toolchain-12.3.rel1-mingw-w64-i686-arm-none-eabi/bin/../lib/gcc/arm-none-eabi/12.3.1/thumb/v7e-m+fp/hard\libgcc.a(unwind-arm.o)
 .ARM.exidx.text._Unwind_decode_typeinfo_ptr.constprop.0
                0x080092b4        0x8 d:/software/arm-gnu-toolchain-12.3.rel1-mingw-w64-i686-arm-none-eabi/arm-gnu-toolchain-12.3.rel1-mingw-w64-i686-arm-none-eabi/bin/../lib/gcc/arm-none-eabi/12.3.1/thumb/v7e-m+fp/hard\libgcc.a(unwind-arm.o)
 .ARM.exidx.text._Unwind_DebugHook